
> hr-analytics-platform@0.0.0 test
> ng test

[33m>[39m Building...
[32mΓêÜ[39m Building...
[1mInitial chunk files[22m                                                     [2m | [22m[1mNames[22m                                                                [2m | [22m [1mRaw size[22m
[32mchunk-2BG55T5M.js[39m                                                       [2m | [22m[2m-[22m                                                                    [2m | [22m[36m586.21 kB[39m[2m | [22m
[32mchunk-QQ3Y2AKF.js[39m                                                       [2m | [22m[2m-[22m                                                                    [2m | [22m[36m137.60 kB[39m[2m | [22m
[32mstyles.css[39m                                                              [2m | [22m[2mstyles[22m                                                               [2m | [22m [36m55.25 kB[39m[2m | [22m
[32mchunk-OCHUUKS5.js[39m                                                       [2m | [22m[2m-[22m                                                                    [2m | [22m [36m39.97 kB[39m[2m | [22m
[32mchunk-Y6NKCL3V.js[39m                                                       [2m | [22m[2m-[22m                                                                    [2m | [22m [36m39.50 kB[39m[2m | [22m
[32mspec-app-pages-reports-reports.logic.js[39m                                 [2m | [22m[2mspec-app-pages-reports-reports.logic[22m                                 [2m | [22m [36m35.15 kB[39m[2m | [22m
[32mchunk-6CZAKDHK.js[39m                                                       [2m | [22m[2m-[22m                                                                    [2m | [22m [36m34.38 kB[39m[2m | [22m
[32mspec-app-pages-hiring-forecast-hiring-forecast.logic.js[39m                 [2m | [22m[2mspec-app-pages-hiring-forecast-hiring-forecast.logic[22m                 [2m | [22m [36m31.77 kB[39m[2m | [22m
[32mspec-app-layouts-dashboard-layout-dashboard-layout.component.js[39m         [2m | [22m[2mspec-app-layouts-dashboard-layout-dashboard-layout.component[22m         [2m | [22m [36m30.84 kB[39m[2m | [22m
[32mchunk-3S2E4QRP.js[39m                                                       [2m | [22m[2m-[22m                                                                    [2m | [22m [36m27.29 kB[39m[2m | [22m
[32mspec-app-pages-employees-employees.component.js[39m                         [2m | [22m[2mspec-app-pages-employees-employees.component[22m                         [2m | [22m [36m24.63 kB[39m[2m | [22m
[32mspec-app-pages-turnover-turnover.logic.js[39m                               [2m | [22m[2mspec-app-pages-turnover-turnover.logic[22m                               [2m | [22m [36m21.80 kB[39m[2m | [22m
[32mspec-app-security-xss.js[39m                                                [2m | [22m[2mspec-app-security-xss[22m                                                [2m | [22m [36m18.16 kB[39m[2m | [22m
[32mchunk-MWY4TSTJ.js[39m                                                       [2m | [22m[2m-[22m                                                                    [2m | [22m [36m15.49 kB[39m[2m | [22m
[32mspec-app-security.js[39m                                                    [2m | [22m[2mspec-app-security[22m                                                    [2m | [22m [36m14.10 kB[39m[2m | [22m
[32mchunk-2DGBCM6U.js[39m                                                       [2m | [22m[2m-[22m                                                                    [2m | [22m [36m12.76 kB[39m[2m | [22m
[32mspec-app-components-change-detection.js[39m                                 [2m | [22m[2mspec-app-components-change-detection[22m                                 [2m | [22m [36m12.24 kB[39m[2m | [22m
[32mspec-app-security-csp.js[39m                                                [2m | [22m[2mspec-app-security-csp[22m                                                [2m | [22m [36m11.97 kB[39m[2m | [22m
[32mspec-app-store-employees-employees.concurrent-updates.js[39m                [2m | [22m[2mspec-app-store-employees-employees.concurrent-updates[22m                [2m | [22m [36m11.59 kB[39m[2m | [22m
[32mspec-app-store-employees-employees.realtime-integration.js[39m              [2m | [22m[2mspec-app-store-employees-employees.realtime-integration[22m              [2m | [22m [36m11.46 kB[39m[2m | [22m
[32mchunk-44VNEX4N.js[39m                                                       [2m | [22m[2m-[22m                                                                    [2m | [22m  [36m9.88 kB[39m[2m | [22m
[32mspec-app-services-audit.service.js[39m                                      [2m | [22m[2mspec-app-services-audit.service[22m                                      [2m | [22m  [36m9.44 kB[39m[2m | [22m
[32mspec-app-services-authorization.service.js[39m                              [2m | [22m[2mspec-app-services-authorization.service[22m                              [2m | [22m  [36m7.82 kB[39m[2m | [22m
[32mspec-app-services-auth.service.js[39m                                       [2m | [22m[2mspec-app-services-auth.service[22m                                       [2m | [22m  [36m7.70 kB[39m[2m | [22m
[32mchunk-PSXAUFAK.js[39m                                                       [2m | [22m[2m-[22m                                                                    [2m | [22m  [36m7.50 kB[39m[2m | [22m
[32mspec-app-store-preferences-preferences.effects.js[39m                       [2m | [22m[2mspec-app-store-preferences-preferences.effects[22m                       [2m | [22m  [36m7.12 kB[39m[2m | [22m
[32mspec-app-performance.js[39m                                                 [2m | [22m[2mspec-app-performance[22m                                                 [2m | [22m  [36m7.06 kB[39m[2m | [22m
[32mspec-app-store-employees-employees.selectors.js[39m                         [2m | [22m[2mspec-app-store-employees-employees.selectors[22m                         [2m | [22m  [36m6.56 kB[39m[2m | [22m
[32mspec-app-store-dashboard-dashboard.effects.js[39m                           [2m | [22m[2mspec-app-store-dashboard-dashboard.effects[22m                           [2m | [22m  [36m6.04 kB[39m[2m | [22m
[32mspec-app-store-employees-employees.reducer.js[39m                           [2m | [22m[2mspec-app-store-employees-employees.reducer[22m                           [2m | [22m  [36m6.04 kB[39m[2m | [22m
[32mchunk-6CYXIFVL.js[39m                                                       [2m | [22m[2m-[22m                                                                    [2m | [22m  [36m5.70 kB[39m[2m | [22m
[32mchunk-HZXEPMDQ.js[39m                                                       [2m | [22m[2m-[22m                                                                    [2m | [22m  [36m5.27 kB[39m[2m | [22m
[32mchunk-RWW4BU54.js[39m                                                       [2m | [22m[2m-[22m                                                                    [2m | [22m  [36m5.17 kB[39m[2m | [22m
[32mchunk-PWHIY7QD.js[39m                                                       [2m | [22m[2m-[22m                                                                    [2m | [22m  [36m5.07 kB[39m[2m | [22m
[32mspec-app-store-performance-performance.effects.js[39m                       [2m | [22m[2mspec-app-store-performance-performance.effects[22m                       [2m | [22m  [36m4.87 kB[39m[2m | [22m
[32mspec-app-store-dashboard-dashboard.reducer.js[39m                           [2m | [22m[2mspec-app-store-dashboard-dashboard.reducer[22m                           [2m | [22m  [36m4.79 kB[39m[2m | [22m
[32mspec-app-store-preferences-preferences.reducer.js[39m                       [2m | [22m[2mspec-app-store-preferences-preferences.reducer[22m                       [2m | [22m  [36m4.75 kB[39m[2m | [22m
[32mchunk-VKXW5ZEO.js[39m                                                       [2m | [22m[2m-[22m                                                                    [2m | [22m  [36m4.74 kB[39m[2m | [22m
[32mspec-app-store-performance-performance.selectors.js[39m                     [2m | [22m[2mspec-app-store-performance-performance.selectors[22m                     [2m | [22m  [36m4.57 kB[39m[2m | [22m
[32mspec-app-store-performance-performance.reducer.js[39m                       [2m | [22m[2mspec-app-store-performance-performance.reducer[22m                       [2m | [22m  [36m4.47 kB[39m[2m | [22m
[32mspec-app-services-i18n.service.js[39m                                       [2m | [22m[2mspec-app-services-i18n.service[22m                                       [2m | [22m  [36m4.16 kB[39m[2m | [22m
[32mspec-app-store-preferences-preferences.selectors.js[39m                     [2m | [22m[2mspec-app-store-preferences-preferences.selectors[22m                     [2m | [22m  [36m4.00 kB[39m[2m | [22m
[32mchunk-I2GHQI4I.js[39m                                                       [2m | [22m[2m-[22m                                                                    [2m | [22m  [36m3.92 kB[39m[2m | [22m
[32mspec-app-store-dashboard-dashboard.selectors.js[39m                         [2m | [22m[2mspec-app-store-dashboard-dashboard.selectors[22m                         [2m | [22m  [36m3.83 kB[39m[2m | [22m
[32mchunk-P7NZCNPD.js[39m                                                       [2m | [22m[2m-[22m                                                                    [2m | [22m  [36m3.71 kB[39m[2m | [22m
[32mchunk-LNH7JPT2.js[39m                                                       [2m | [22m[2m-[22m                                                                    [2m | [22m  [36m3.69 kB[39m[2m | [22m
[32mspec-app-components-card-card.component.js[39m                              [2m | [22m[2mspec-app-components-card-card.component[22m                              [2m | [22m  [36m3.58 kB[39m[2m | [22m
[32mchunk-DESPISBU.js[39m                                                       [2m | [22m[2m-[22m                                                                    [2m | [22m  [36m3.40 kB[39m[2m | [22m
[32mchunk-UJ6HLX3V.js[39m                                                       [2m | [22m[2m-[22m                                                                    [2m | [22m  [36m3.15 kB[39m[2m | [22m
[32mchunk-NCRIF6SE.js[39m                                                       [2m | [22m[2m-[22m                                                                    [2m | [22m  [36m3.04 kB[39m[2m | [22m
[32mchunk-EVT4CLUP.js[39m                                                       [2m | [22m[2m-[22m                                                                    [2m | [22m  [36m2.96 kB[39m[2m | [22m
[32mchunk-P26YGCID.js[39m                                                       [2m | [22m[2m-[22m                                                                    [2m | [22m  [36m2.92 kB[39m[2m | [22m
[32mspec-app-components-filter-panel-filter.property.js[39m                     [2m | [22m[2mspec-app-components-filter-panel-filter.property[22m                     [2m | [22m  [36m2.90 kB[39m[2m | [22m
[32mspec-app-components-data-table-data-table.component.js[39m                  [2m | [22m[2mspec-app-components-data-table-data-table.component[22m                  [2m | [22m  [36m2.82 kB[39m[2m | [22m
[32mspec-app-services-report.service.js[39m                                     [2m | [22m[2mspec-app-services-report.service[22m                                     [2m | [22m  [36m2.81 kB[39m[2m | [22m
[32mspec-app-services-theme.service.js[39m                                      [2m | [22m[2mspec-app-services-theme.service[22m                                      [2m | [22m  [36m2.81 kB[39m[2m | [22m
[32mspec-app-components-filter-panel-filter-panel.component.js[39m              [2m | [22m[2mspec-app-components-filter-panel-filter-panel.component[22m              [2m | [22m  [36m2.77 kB[39m[2m | [22m
[32mspec-config.js[39m                                                          [2m | [22m[2mspec-config[22m                                                          [2m | [22m  [36m2.75 kB[39m[2m | [22m
[32mspec-app-components-kpi-card-kpi-card.component.js[39m                      [2m | [22m[2mspec-app-components-kpi-card-kpi-card.component[22m                      [2m | [22m  [36m2.72 kB[39m[2m | [22m
[32mspec-app-services-websocket.service.js[39m                                  [2m | [22m[2mspec-app-services-websocket.service[22m                                  [2m | [22m  [36m2.71 kB[39m[2m | [22m
[32mchunk-YFVNHH2A.js[39m                                                       [2m | [22m[2m-[22m                                                                    [2m | [22m  [36m2.70 kB[39m[2m | [22m
[32mspec-app-components-breadcrumb-breadcrumb.component.js[39m                  [2m | [22m[2mspec-app-components-breadcrumb-breadcrumb.component[22m                  [2m | [22m  [36m2.68 kB[39m[2m | [22m
[32mspec-app-components-input-input.component.js[39m                            [2m | [22m[2mspec-app-components-input-input.component[22m                            [2m | [22m  [36m2.66 kB[39m[2m | [22m
[32mspec-app-store-employees-employees.effects.js[39m                           [2m | [22m[2mspec-app-store-employees-employees.effects[22m                           [2m | [22m  [36m2.61 kB[39m[2m | [22m
[32mspec-app-components-chart-chart.component.js[39m                            [2m | [22m[2mspec-app-components-chart-chart.component[22m                            [2m | [22m  [36m2.58 kB[39m[2m | [22m
[32mspec-app-components-notification-center-notification-center.component.js[39m[2m | [22m[2mspec-app-components-notification-center-notification-center.component[22m[2m | [22m  [36m2.57 kB[39m[2m | [22m
[32mspec-app-components-search-input-search-input.component.js[39m              [2m | [22m[2mspec-app-components-search-input-search-input.component[22m              [2m | [22m  [36m2.55 kB[39m[2m | [22m
[32mspec-app-guards-authorization.guard.js[39m                                  [2m | [22m[2mspec-app-guards-authorization.guard[22m                                  [2m | [22m  [36m2.50 kB[39m[2m | [22m
[32mchunk-MGVVSNFM.js[39m                                                       [2m | [22m[2m-[22m                                                                    [2m | [22m  [36m2.47 kB[39m[2m | [22m
[32mchunk-UBTI5LYM.js[39m                                                       [2m | [22m[2m-[22m                                                                    [2m | [22m  [36m2.41 kB[39m[2m | [22m
[32mchunk-6LUWQ6QB.js[39m                                                       [2m | [22m[2m-[22m                                                                    [2m | [22m  [36m2.39 kB[39m[2m | [22m
[32mchunk-EQIL74F4.js[39m                                                       [2m | [22m[2m-[22m                                                                    [2m | [22m  [36m2.32 kB[39m[2m | [22m
[32mchunk-PGCN7MVM.js[39m                                                       [2m | [22m[2m-[22m                                                                    [2m | [22m  [36m2.31 kB[39m[2m | [22m
[32mchunk-BHGHSNU5.js[39m                                                       [2m | [22m[2m-[22m                                                                    [2m | [22m  [36m2.23 kB[39m[2m | [22m
[32mchunk-CFGYZGSI.js[39m                                                       [2m | [22m[2m-[22m                                                                    [2m | [22m  [36m2.16 kB[39m[2m | [22m
[32mspec-app-components-button-button.component.js[39m                          [2m | [22m[2mspec-app-components-button-button.component[22m                          [2m | [22m  [36m2.16 kB[39m[2m | [22m
[32mspec-app-guards-auth.guard.js[39m                                           [2m | [22m[2mspec-app-guards-auth.guard[22m                                           [2m | [22m  [36m1.91 kB[39m[2m | [22m
[32mchunk-QXMXD2B3.js[39m                                                       [2m | [22m[2m-[22m                                                                    [2m | [22m  [36m1.91 kB[39m[2m | [22m
[32mchunk-VFF2ERVK.js[39m                                                       [2m | [22m[2m-[22m                                                                    [2m | [22m  [36m1.82 kB[39m[2m | [22m
[32mspec-app-pages-performance-performance.component.js[39m                     [2m | [22m[2mspec-app-pages-performance-performance.component[22m                     [2m | [22m  [36m1.51 kB[39m[2m | [22m
[32mchunk-6UO2PLDJ.js[39m                                                       [2m | [22m[2m-[22m                                                                    [2m | [22m  [36m1.50 kB[39m[2m | [22m
[32mspec-app-components-badge-badge.component.js[39m                            [2m | [22m[2mspec-app-components-badge-badge.component[22m                            [2m | [22m  [36m1.50 kB[39m[2m | [22m
[32mspec-app-pages-workforce-workforce.property.js[39m                          [2m | [22m[2mspec-app-pages-workforce-workforce.property[22m                          [2m | [22m  [36m1.49 kB[39m[2m | [22m
[32mspec-app-pages-performance-performance.basic.js[39m                         [2m | [22m[2mspec-app-pages-performance-performance.basic[22m                         [2m | [22m  [36m1.34 kB[39m[2m | [22m
[32mchunk-OWKVVXRQ.js[39m                                                       [2m | [22m[2m-[22m                                                                    [2m | [22m  [36m1.32 kB[39m[2m | [22m
[32minit-testbed.js[39m                                                         [2m | [22m[2minit-testbed[22m                                                         [2m | [22m  [36m1.21 kB[39m[2m | [22m
[32mspec-app-app.js[39m                                                         [2m | [22m[2mspec-app-app[22m                                                         [2m | [22m  [36m1.15 kB[39m[2m | [22m
[32mchunk-4DODL3X5.js[39m                                                       [2m | [22m[2m-[22m                                                                    [2m | [22m  [36m1.06 kB[39m[2m | [22m
[32mvitest-mock-patch.js[39m                                                    [2m | [22m[2mvitest-mock-patch[22m                                                    [2m | [22m[36m969 bytes[39m[2m | [22m
[32mchunk-UZKSOO3R.js[39m                                                       [2m | [22m[2m-[22m                                                                    [2m | [22m[36m928 bytes[39m[2m | [22m
[32mchunk-ZGHNRZCR.js[39m                                                       [2m | [22m[2m-[22m                                                                    [2m | [22m [36m43 bytes[39m[2m | [22m

[1m [22m                                                                       [2m | [22m[1mInitial total[22m                                                        [2m | [22m  [1m1.42 MB[22m

[1mLazy chunk files[22m                                                        [2m | [22m[1mNames[22m                                                                [2m | [22m [1mRaw size[22m
[32mchunk-KHA3ARVR.js[39m                                                       [2m | [22m[2mindex[22m                                                                [2m | [22m  [36m5.98 kB[39m[2m | [22m
[32mchunk-N2INVOW6.js[39m                                                       [2m | [22m[2mindex[22m                                                                [2m | [22m  [36m1.56 kB[39m[2m | [22m
[32mchunk-IAPISA5X.js[39m                                                       [2m | [22m[2ma11y-utils[22m                                                           [2m | [22m[36m482 bytes[39m[2m | [22m
[32mchunk-MOVHI4P4.js[39m                                                       [2m | [22m[2mindex[22m                                                                [2m | [22m[36m402 bytes[39m[2m | [22m
[32mchunk-2K7KMMNN.js[39m                                                       [2m | [22m[2mapp[22m                                                                  [2m | [22m[36m286 bytes[39m[2m | [22m
[32mchunk-FPWUIQ5E.js[39m                                                       [2m | [22m[2mchart-component[22m                                                      [2m | [22m[36m158 bytes[39m[2m | [22m

Application bundle generation complete. [43.138 seconds] - 2026-04-10T07:23:45.306Z


[1m[30m[46m RUN [49m[39m[22m [36mv4.1.4 [39m[90mC:/Users/Memo/Desktop/Projects/New folder/HR-Dashboard/hr-analytics-platform[39m

 [31mΓ¥»[39m [30m[45m hr-analytics-platform [49m[39m src/app/components/input/input.component.spec.ts [2m([22m[2m6 tests[22m[2m | [22m[31m1 failed[39m[2m)[22m[33m 4533[2mms[22m[39m
     [33m[2mΓ£ô[22m[39m should create [33m 511[2mms[22m[39m
     [32mΓ£ô[39m should reflect disabled state[32m 64[2mms[22m[39m
     [32mΓ£ô[39m should reflect label and required text[32m 245[2mms[22m[39m
     [32mΓ£ô[39m should emit value changes and call onChange via ControlValueAccessor[32m 185[2mms[22m[39m
     [32mΓ£ô[39m should show error and update ARIA attributes when touched and error is set[32m 72[2mms[22m[39m
[31m     [31m├ù[31m should pass accessibility checks[39m[33m 3448[2mms[22m[39m
[90mstdout[2m | src/app/store/dashboard/dashboard.effects.spec.ts[2m > [22m[2mDashboardEffects[2m > [22m[2mcreateDashboardConfig$[2m > [22m[2mshould handle createDashboardConfig action
[22m[39m[DashboardEffects] Dashboard config created successfully

[90mstdout[2m | src/app/store/dashboard/dashboard.effects.spec.ts[2m > [22m[2mDashboardEffects[2m > [22m[2mcreateDashboardConfig$[2m > [22m[2mshould dispatch loadDashboardConfigs after creating config
[22m[39m[DashboardEffects] Dashboard config created successfully

[90mstdout[2m | src/app/store/dashboard/dashboard.effects.spec.ts[2m > [22m[2mDashboardEffects[2m > [22m[2mupdateDashboardConfig$[2m > [22m[2mshould handle updateDashboardConfig action
[22m[39m[DashboardEffects] Dashboard config updated successfully

[90mstdout[2m | src/app/store/dashboard/dashboard.effects.spec.ts[2m > [22m[2mDashboardEffects[2m > [22m[2mupdateDashboardConfig$[2m > [22m[2mshould dispatch loadDashboardConfigs after updating config
[22m[39m[DashboardEffects] Dashboard config updated successfully

[90mstdout[2m | src/app/store/dashboard/dashboard.effects.spec.ts[2m > [22m[2mDashboardEffects[2m > [22m[2mdeleteDashboardConfig$[2m > [22m[2mshould handle deleteDashboardConfig action
[22m[39m[DashboardEffects] Dashboard config deleted successfully

[90mstdout[2m | src/app/store/dashboard/dashboard.effects.spec.ts[2m > [22m[2mDashboardEffects[2m > [22m[2mdeleteDashboardConfig$[2m > [22m[2mshould dispatch loadDashboardConfigs after deleting config
[22m[39m[DashboardEffects] Dashboard config deleted successfully

 [31mΓ¥»[39m [30m[45m hr-analytics-platform [49m[39m src/app/store/dashboard/dashboard.effects.spec.ts [2m([22m[2m11 tests[22m[2m | [22m[31m2 failed[39m[2m)[22m[33m 10562[2mms[22m[39m
       [32mΓ£ô[39m should return loadDashboardConfigsSuccess action on success[32m 267[2mms[22m[39m
       [32mΓ£ô[39m should handle loadDashboardConfigs action and dispatch success[32m 31[2mms[22m[39m
[31m       [31m├ù[31m should return loadDashboardMetricsSuccess action on success[39m[33m 5033[2mms[22m[39m
[31m       [31m├ù[31m should handle loadDashboardMetrics action and dispatch success[39m[33m 5028[2mms[22m[39m
       [32mΓ£ô[39m should handle createDashboardConfig action[32m 47[2mms[22m[39m
       [32mΓ£ô[39m should dispatch loadDashboardConfigs after creating config[32m 25[2mms[22m[39m
       [32mΓ£ô[39m should handle updateDashboardConfig action[32m 17[2mms[22m[39m
       [32mΓ£ô[39m should dispatch loadDashboardConfigs after updating config[32m 14[2mms[22m[39m
       [32mΓ£ô[39m should handle deleteDashboardConfig action[32m 26[2mms[22m[39m
       [32mΓ£ô[39m should dispatch loadDashboardConfigs after deleting config[32m 18[2mms[22m[39m
       [32mΓ£ô[39m should implement retry logic with exponential backoff[32m 14[2mms[22m[39m
node.exe : Not implemented: HTMLCanvasElement's getContext() method: without installing the canvas npm package
At C:\Program Files\nodejs\npm.ps1:29 char:3
+   & $NODE_EXE $NPM_CLI_JS $args
+   ~~~~~~~~~~~~~~~~~~~~~~~~~~~~~
    + CategoryInfo          : NotSpecified: (Not implemented...vas npm package:String) [], RemoteException
    + FullyQualifiedErrorId : NativeCommandError
 
 [31mΓ¥»[39m [30m[45m hr-analytics-platform [49m[39m src/app/components/data-table/data-table.component.spec.ts [2m([22m[2m6 tests[22m[2m | [22m[31m1 failed[39m[2m)[22m[33m 10186[2mms[22m[39m
     [33m[2mΓ£ô[22m[39m should create [33m 1452[2mms[22m[39m
     [32mΓ£ô[39m should correctly format and expose paginatedData length[32m 140[2mms[22m[39m
     [32mΓ£ô[39m should go to the next page and previous page[32m 169[2mms[22m[39m
     [32mΓ£ô[39m should sort data when onSort is called[32m 143[2mms[22m[39m
     [32mΓ£ô[39m should emit row selection events when toggles are clicked[32m 134[2mms[22m[39m
[31m     [31m├ù[31m should pass accessibility checks[39m[33m 8138[2mms[22m[39m
 [31mΓ¥»[39m [30m[45m hr-analytics-platform [49m[39m src/app/security/xss.spec.ts [2m([22m[2m44 tests[22m[2m | [22m[31m5 failed[39m[2m)[22m[33m 684[2mms[22m[39m
[31m       [31m├ù[31m should prevent script tag injection[39m[32m 36[2mms[22m[39m
       [32mΓ£ô[39m should prevent inline script execution[32m 7[2mms[22m[39m
       [32mΓ£ô[39m should prevent event handler injection[32m 7[2mms[22m[39m
       [32mΓ£ô[39m should prevent javascript: protocol[32m 6[2mms[22m[39m
       [32mΓ£ô[39m should prevent data: protocol with HTML[32m 40[2mms[22m[39m
       [32mΓ£ô[39m should escape HTML special characters[32m 15[2mms[22m[39m
       [32mΓ£ô[39m should remove HTML tags[32m 70[2mms[22m[39m
       [32mΓ£ô[39m should prevent iframe injection[32m 54[2mms[22m[39m
       [32mΓ£ô[39m should prevent object tag injection[32m 22[2mms[22m[39m
       [32mΓ£ô[39m should prevent embed tag injection[32m 9[2mms[22m[39m
       [32mΓ£ô[39m should detect onclick handler[32m 12[2mms[22m[39m
       [32mΓ£ô[39m should detect onload handler[32m 5[2mms[22m[39m
       [32mΓ£ô[39m should detect onerror handler[32m 9[2mms[22m[39m
       [32mΓ£ô[39m should detect onmouseover handler[32m 13[2mms[22m[39m
       [32mΓ£ô[39m should detect onkeydown handler[32m 6[2mms[22m[39m
       [32mΓ£ô[39m should validate email format[32m 5[2mms[22m[39m
       [32mΓ£ô[39m should validate URL format[32m 14[2mms[22m[39m
       [32mΓ£ô[39m should validate phone number format[32m 5[2mms[22m[39m
       [32mΓ£ô[39m should validate alphanumeric input[32m 10[2mms[22m[39m
       [32mΓ£ô[39m should validate numeric input[32m 20[2mms[22m[39m
       [32mΓ£ô[39m should remove null bytes[32m 7[2mms[22m[39m
       [32mΓ£ô[39m should remove control characters[32m 4[2mms[22m[39m
       [32mΓ£ô[39m should limit text length[32m 6[2mms[22m[39m
       [32mΓ£ô[39m should trim whitespace[32m 7[2mms[22m[39m
[31m       [31m├ù[31m should sanitize JSON object[39m[32m 43[2mms[22m[39m
       [32mΓ£ô[39m should handle invalid JSON[32m 10[2mms[22m[39m
[31m       [31m├ù[31m should sanitize nested objects[39m[32m 9[2mms[22m[39m
[31m       [31m├ù[31m should sanitize arrays[39m[32m 10[2mms[22m[39m
       [32mΓ£ô[39m should remove path traversal attempts[32m 6[2mms[22m[39m
       [32mΓ£ô[39m should remove dangerous characters[32m 14[2mms[22m[39m
       [32mΓ£ô[39m should limit file name length[32m 7[2mms[22m[39m
       [32mΓ£ô[39m should handle null bytes in file name[32m 8[2mms[22m[39m
       [32mΓ£ô[39m should remove SQL quotes[32m 8[2mms[22m[39m
       [32mΓ£ô[39m should remove SQL comments[32m 5[2mms[22m[39m
       [32mΓ£ô[39m should remove SQL block comments[32m 5[2mms[22m[39m
       [32mΓ£ô[39m should remove backslashes[32m 61[2mms[22m[39m
       [32mΓ£ô[39m should validate against whitelist[32m 16[2mms[22m[39m
       [32mΓ£ô[39m should be case sensitive[32m 20[2mms[22m[39m
[31m       [31m├ù[31m should detect multiple XSS vectors[39m[32m 15[2mms[22m[39m
       [32mΓ£ô[39m should not flag safe content[32m 6[2mms[22m[39m
       [32mΓ£ô[39m should handle empty strings[32m 15[2mms[22m[39m
       [32mΓ£ô[39m should handle very long strings[32m 17[2mms[22m[39m
       [32mΓ£ô[39m should handle special Unicode characters[32m 10[2mms[22m[39m
       [32mΓ£ô[39m should handle mixed case event handlers[32m 6[2mms[22m[39m
 [31mΓ¥»[39m [30m[45m hr-analytics-platform [49m[39m src/app/components/card/card.component.spec.ts [2m([22m[2m2 tests[22m[2m | [22m[31m1 failed[39m[2m)[22m[32m 115[2mms[22m[39m
     [32mΓ£ô[39m should create[32m 38[2mms[22m[39m
[31m     [31m├ù[31m should create and render content slots correctly[39m[32m 76[2mms[22m[39m
 [31mΓ¥»[39m [30m[45m hr-analytics-platform [49m[39m src/app/services/i18n.service.spec.ts [2m([22m[2m11 tests[22m[2m | [22m[31m11 failed[39m[2m)[22m[32m 230[2mms[22m[39m
[31m     [31m├ù[31m should be created[39m[32m 12[2mms[22m[39m
[31m     [31m├ù[31m should default to English[39m[32m 7[2mms[22m[39m
[31m     [31m├ù[31m should not be in RTL mode for English[39m[32m 15[2mms[22m[39m
[31m     [31m├ù[31m should switch language to Arabic and enable RTL[39m[32m 7[2mms[22m[39m
[31m     [31m├ù[31m should apply RTL direction to DOM on Arabic[39m[32m 59[2mms[22m[39m
[31m     [31m├ù[31m should apply LTR direction to DOM on English[39m[32m 5[2mms[22m[39m
[31m     [31m├ù[31m should persist language preference to localStorage[39m[32m 11[2mms[22m[39m
[31m     [31m├ù[31m should translate a nested key correctly after loading[39m[32m 11[2mms[22m[39m
[31m     [31m├ù[31m should return the key itself when translation is not found[39m[32m 28[2mms[22m[39m
[31m     [31m├ù[31m should correctly report isEnglish() and isArabic()[39m[32m 50[2mms[22m[39m
[31m     [31m├ù[31m should restore language from localStorage on init[39m[32m 18[2mms[22m[39m
 [31mΓ¥»[39m [30m[45m hr-analytics-platform [49m[39m src/app/security/csp.spec.ts [2m([22m[2m52 tests[22m[2m | [22m[31m1 failed[39m[2m)[22m[32m 169[2mms[22m[39m
       [32mΓ£ô[39m should have default-src directive[32m 3[2mms[22m[39m
       [32mΓ£ô[39m should have script-src directive[32m 3[2mms[22m[39m
       [32mΓ£ô[39m should have style-src directive[32m 2[2mms[22m[39m
       [32mΓ£ô[39m should have font-src directive[32m 2[2mms[22m[39m
       [32mΓ£ô[39m should have img-src directive[32m 1[2mms[22m[39m
       [32mΓ£ô[39m should have connect-src directive[32m 1[2mms[22m[39m
       [32mΓ£ô[39m should have frame-src directive[32m 1[2mms[22m[39m
       [32mΓ£ô[39m should have object-src directive set to none[32m 1[2mms[22m[39m
       [32mΓ£ô[39m should have frame-ancestors directive set to none[32m 4[2mms[22m[39m
       [32mΓ£ô[39m should have base-uri directive[32m 1[2mms[22m[39m
       [32mΓ£ô[39m should have form-action directive[32m 1[2mms[22m[39m
       [32mΓ£ô[39m should have report-uri directive[32m 1[2mms[22m[39m
       [32mΓ£ô[39m should generate valid CSP header string[32m 1[2mms[22m[39m
       [32mΓ£ô[39m should include all directives in header[32m 1[2mms[22m[39m
       [32mΓ£ô[39m should use semicolon as separator[32m 1[2mms[22m[39m
       [32mΓ£ô[39m should format directives correctly[32m 1[2mms[22m[39m
       [32mΓ£ô[39m should have different configurations[32m 1[2mms[22m[39m
       [32mΓ£ô[39m should allow unsafe-eval in development[32m 1[2mms[22m[39m
       [32mΓ£ô[39m should not allow unsafe-eval in production[32m 1[2mms[22m[39m
[31m       [31m├ù[31m should allow unsafe-inline in both[39m[32m 8[2mms[22m[39m
       [32mΓ£ô[39m should get correct directives for environment[32m 2[2mms[22m[39m
       [32mΓ£ô[39m should prevent inline script execution[32m 1[2mms[22m[39m
       [32mΓ£ô[39m should prevent external script injection[32m 2[2mms[22m[39m
       [32mΓ£ô[39m should prevent data: protocol scripts[32m 1[2mms[22m[39m
       [32mΓ£ô[39m should prevent blob: protocol scripts[32m 1[2mms[22m[39m
       [32mΓ£ô[39m should prevent framing with frame-ancestors[32m 1[2mms[22m[39m
       [32mΓ£ô[39m should restrict iframe sources[32m 1[2mms[22m[39m
       [32mΓ£ô[39m should prevent object injection[32m 1[2mms[22m[39m
       [32mΓ£ô[39m should prevent plugin injection[32m 1[2mms[22m[39m
       [32mΓ£ô[39m should restrict form submissions[32m 1[2mms[22m[39m
       [32mΓ£ô[39m should restrict base URI[32m 1[2mms[22m[39m
       [32mΓ£ô[39m should allow self images[32m 4[2mms[22m[39m
       [32mΓ£ô[39m should allow data URIs for images[32m 1[2mms[22m[39m
       [32mΓ£ô[39m should allow HTTPS images[32m 3[2mms[22m[39m
       [32mΓ£ô[39m should allow blob images[32m 1[2mms[22m[39m
       [32mΓ£ô[39m should allow self fonts[32m 1[2mms[22m[39m
       [32mΓ£ô[39m should allow Google Fonts[32m 1[2mms[22m[39m
       [32mΓ£ô[39m should allow self styles[32m 1[2mms[22m[39m
       [32mΓ£ô[39m should allow Google Fonts styles[32m 1[2mms[22m[39m
       [32mΓ£ô[39m should allow self connections[32m 1[2mms[22m[39m
       [32mΓ£ô[39m should allow API endpoint[32m 5[2mms[22m[39m
       [32mΓ£ô[39m should allow WebSocket endpoint[32m 2[2mms[22m[39m
       [32mΓ£ô[39m should allow Sentry error tracking[32m 2[2mms[22m[39m
       [32mΓ£ô[39m should have report-uri configured[32m 2[2mms[22m[39m
       [32mΓ£ô[39m should report to security endpoint[32m 3[2mms[22m[39m
       [32mΓ£ô[39m should upgrade insecure requests[32m 1[2mms[22m[39m
       [32mΓ£ô[39m should block mixed content[32m 1[2mms[22m[39m
       [32mΓ£ô[39m should handle empty directive sources[32m 1[2mms[22m[39m
       [32mΓ£ô[39m should not have duplicate sources[32m 11[2mms[22m[39m
       [32mΓ£ô[39m should have consistent formatting[32m 4[2mms[22m[39m
       [32mΓ£ô[39m should follow CSP Level 3 specification[32m 1[2mms[22m[39m
       [32mΓ£ô[39m should be compatible with modern browsers[32m 4[2mms[22m[39m
 [32mΓ£ô[39m [30m[45m hr-analytics-platform [49m[39m src/app/components/kpi-card/kpi-card.component.spec.ts [2m([22m[2m7 tests[22m[2m)[22m[33m 1445[2mms[22m[39m
     [33m[2mΓ£ô[22m[39m should create [33m 324[2mms[22m[39m
     [33m[2mΓ£ô[22m[39m should show loading state [33m 303[2mms[22m[39m
Not implemented: HTMLCanvasElement's getContext() method: without installing the canvas npm package
[90mstderr[2m | src/app/components/chart/chart.component.spec.ts[2m > [22m[2mChartComponent[2m > [22m[2mshould 
emit chartClick event when chart is clicked
[22m[39m[ECharts] Can't get DOM width or height. Please check dom.clientWidth and dom.clientHeight. They should not 
be 0.For example, you may need to call this in the callback of window.onload.
[ECharts] series.data or dataset.source must be an array.

[90mstderr[2m | src/app/components/chart/chart.component.spec.ts[2m > [22m[2mChartComponent[2m > [22m[2mshould 
emit chartClick event when chart is clicked
[22m[39mError during cleanup of component {
  component: _ChartComponent {
    chartClick: EventEmitter_ {
      closed: [33mfalse[39m,
      currentObservers: [1mnull[22m,
      observers: [],
      isStopped: [33mfalse[39m,
      hasError: [33mfalse[39m,
      thrownError: [1mnull[22m,
      __isAsync: [33mfalse[39m,
      destroyRef: [36m[NodeInjectorDestroyRef][39m,
      pendingTasks: [36m[PendingTasksInternal][39m
    },
    chartHover: EventEmitter_ {
      closed: [33mfalse[39m,
      currentObservers: [1mnull[22m,
      observers: [],
      isStopped: [33mfalse[39m,
      hasError: [33mfalse[39m,
      thrownError: [1mnull[22m,
      __isAsync: [33mfalse[39m,
      destroyRef: [36m[NodeInjectorDestroyRef][39m,
      pendingTasks: [36m[PendingTasksInternal][39m
    },
    config: [Function: getter] {
      toString: [36m[Function (anonymous)][39m,
      set: [36m[Function: set][39m,
      update: [36m[Function: update][39m,
      asReadonly: [36m[Function: bound signalAsReadonlyFn][39m,
      [[32mSymbol(SIGNAL)[39m]: [36m[Object][39m
    },
    chart: ECharts {
      [32m'_$eventProcessor'[39m: ECEventProcessor {},
      _chartsViews: [36m[Array][39m,
      _chartsMap: [36m[Object][39m,
      _componentsViews: [36m[Array][39m,
      _componentsMap: [36m[Object][39m,
      _pendingActions: [],
      _dom: [36m[HTMLDivElement][39m,
      __mainProcessVersion: [33m2[39m,
      _zr: [36m[ZRender][39m,
      _ssr: [90mundefined[39m,
      _throttledZrFlush: [36m[Function][39m,
      _locale: [36m[Object][39m,
      _coordSysMgr: [36m[CoordinateSystemManager][39m,
      _api: [36m[class_1][39m,
      _scheduler: [36m[Scheduler][39m,
      _messageCenter: [36m[MessageCenter][39m,
      resize: [36m[Function: bound ][39m,
      __ec_primitive__: [33mtrue[39m,
      id: [32m'ec_1775805858410'[39m,
      [32m'_$handlers'[39m: [36m[Object][39m,
      __flagInMainProcess: [33mtrue[39m,
      _model: [36m[GlobalModel][39m,
      _disposed: [33mtrue[39m
    },
    resizeObserver: [1mnull[22m,
    __ngContext__: [33m21[39m,
    chartContainer: ElementRef { nativeElement: [36m[HTMLDivElement][39m }
  },
  stacktrace: TypeError: Cannot read properties of null (reading 'clearRect')
      at doClear [90m(file:///C:/Users/Memo/Desktop/Projects/New%20folder/HR-Dashboard/hr-analytics-platform/[39mnode
_modules/[4mzrender[24m/lib/canvas/Layer.js:245:17[90m)[39m
      at Layer.clear [90m(file:///C:/Users/Memo/Desktop/Projects/New%20folder/HR-Dashboard/hr-analytics-platform/[39m
node_modules/[4mzrender[24m/lib/canvas/Layer.js:287:13[90m)[39m
      at CanvasPainter._clearLayer [90m(file:///C:/Users/Memo/Desktop/Projects/New%20folder/HR-Dashboard/hr-analytics-
platform/[39mnode_modules/[4mzrender[24m/lib/canvas/Painter.js:510:15[90m)[39m
      at CanvasPainter.eachBuiltinLayer [90m(file:///C:/Users/Memo/Desktop/Projects/New%20folder/HR-Dashboard/hr-analy
tics-platform/[39mnode_modules/[4mzrender[24m/lib/canvas/Painter.js:411:20[90m)[39m
      at CanvasPainter.clear [90m(file:///C:/Users/Memo/Desktop/Projects/New%20folder/HR-Dashboard/hr-analytics-platfo
rm/[39mnode_modules/[4mzrender[24m/lib/canvas/Painter.js:506:14[90m)[39m
      at ZRender.clear [90m(file:///C:/Users/Memo/Desktop/Projects/New%20folder/HR-Dashboard/hr-analytics-platform/[3
9mnode_modules/[4mzrender[24m/lib/zrender.js:276:22[90m)[39m
      at ZRender.dispose [90m(file:///C:/Users/Memo/Desktop/Projects/New%20folder/HR-Dashboard/hr-analytics-platform/
[39mnode_modules/[4mzrender[24m/lib/zrender.js:283:14[90m)[39m
      at ECharts.dispose [90m(file:///C:/Users/Memo/Desktop/Projects/New%20folder/HR-Dashboard/hr-analytics-platform/
[39mnode_modules/[4mecharts[24m/lib/core/echarts.js:876:15[90m)[39m
      at _ChartComponent.ngOnDestroy (C:/Users/Memo/Desktop/Projects/New 
folder/HR-Dashboard/hr-analytics-platform/src/app/components/chart/chart.component.ts:96:17)
      at executeOnDestroys [90m(file:///C:/Users/Memo/Desktop/Projects/New%20folder/HR-Dashboard/hr-analytics-platform
/[39mnode_modules/[4m@angular[24m/core/fesm2022/_debug_node-chunk.mjs:4842:20[90m)[39m
}

Not implemented: HTMLCanvasElement's getContext() method: without installing the canvas npm package
[90mstderr[2m | src/app/components/chart/chart.component.spec.ts[2m > [22m[2mChartComponent[2m > [22m[2mshould 
cleanup on destroy
[22m[39m[ECharts] Can't get DOM width or height. Please check dom.clientWidth and dom.clientHeight. They should not 
be 0.For example, you may need to call this in the callback of window.onload.
[ECharts] series.data or dataset.source must be an array.

[90mstderr[2m | src/app/components/chart/chart.component.spec.ts[2m > [22m[2mChartComponent[2m > [22m[2mshould 
cleanup on destroy
[22m[39mError during cleanup of component {
  component: _ChartComponent {
    chartClick: EventEmitter_ {
      closed: [33mfalse[39m,
      currentObservers: [1mnull[22m,
      observers: [],
      isStopped: [33mfalse[39m,
      hasError: [33mfalse[39m,
      thrownError: [1mnull[22m,
      __isAsync: [33mfalse[39m,
      destroyRef: [36m[NodeInjectorDestroyRef][39m,
      pendingTasks: [36m[PendingTasksInternal][39m
    },
    chartHover: EventEmitter_ {
      closed: [33mfalse[39m,
      currentObservers: [1mnull[22m,
      observers: [],
      isStopped: [33mfalse[39m,
      hasError: [33mfalse[39m,
      thrownError: [1mnull[22m,
      __isAsync: [33mfalse[39m,
      destroyRef: [36m[NodeInjectorDestroyRef][39m,
      pendingTasks: [36m[PendingTasksInternal][39m
    },
    config: [Function: getter] {
      toString: [36m[Function (anonymous)][39m,
      set: [36m[Function: set][39m,
      update: [36m[Function: update][39m,
      asReadonly: [36m[Function: bound signalAsReadonlyFn][39m,
      [[32mSymbol(SIGNAL)[39m]: [36m[Object][39m
    },
    chart: ECharts {
      [32m'_$eventProcessor'[39m: ECEventProcessor {},
      _chartsViews: [36m[Array][39m,
      _chartsMap: [36m[Object][39m,
      _componentsViews: [36m[Array][39m,
      _componentsMap: [36m[Object][39m,
      _pendingActions: [],
      _dom: [36m[HTMLDivElement][39m,
      __mainProcessVersion: [33m2[39m,
      _zr: [36m[ZRender][39m,
      _ssr: [90mundefined[39m,
      _throttledZrFlush: [36m[Function][39m,
      _locale: [36m[Object][39m,
      _coordSysMgr: [36m[CoordinateSystemManager][39m,
      _api: [36m[class_1][39m,
      _scheduler: [36m[Scheduler][39m,
      _messageCenter: [36m[MessageCenter][39m,
      resize: [36m[Function: bound ][39m,
      __ec_primitive__: [33mtrue[39m,
      id: [32m'ec_1775805858411'[39m,
      [32m'_$handlers'[39m: [36m[Object][39m,
      __flagInMainProcess: [33mtrue[39m,
      _model: [36m[GlobalModel][39m,
      _disposed: [33mtrue[39m
    },
    resizeObserver: [1mnull[22m,
    __ngContext__: [33m23[39m,
    chartContainer: ElementRef { nativeElement: [36m[HTMLDivElement][39m }
  },
  stacktrace: TypeError: Cannot read properties of null (reading 'clearRect')
      at doClear [90m(file:///C:/Users/Memo/Desktop/Projects/New%20folder/HR-Dashboard/hr-analytics-platform/[39mnode
_modules/[4mzrender[24m/lib/canvas/Layer.js:245:17[90m)[39m
      at Layer.clear [90m(file:///C:/Users/Memo/Desktop/Projects/New%20folder/HR-Dashboard/hr-analytics-platform/[39m
node_modules/[4mzrender[24m/lib/canvas/Layer.js:287:13[90m)[39m
      at CanvasPainter._clearLayer [90m(file:///C:/Users/Memo/Desktop/Projects/New%20folder/HR-Dashboard/hr-analytics-
platform/[39mnode_modules/[4mzrender[24m/lib/canvas/Painter.js:510:15[90m)[39m
      at CanvasPainter.eachBuiltinLayer [90m(file:///C:/Users/Memo/Desktop/Projects/New%20folder/HR-Dashboard/hr-analy
tics-platform/[39mnode_modules/[4mzrender[24m/lib/canvas/Painter.js:411:20[90m)[39m
      at CanvasPainter.clear [90m(file:///C:/Users/Memo/Desktop/Projects/New%20folder/HR-Dashboard/hr-analytics-platfo
rm/[39mnode_modules/[4mzrender[24m/lib/canvas/Painter.js:506:14[90m)[39m
      at ZRender.clear [90m(file:///C:/Users/Memo/Desktop/Projects/New%20folder/HR-Dashboard/hr-analytics-platform/[3
9mnode_modules/[4mzrender[24m/lib/zrender.js:276:22[90m)[39m
      at ZRender.dispose [90m(file:///C:/Users/Memo/Desktop/Projects/New%20folder/HR-Dashboard/hr-analytics-platform/
[39mnode_modules/[4mzrender[24m/lib/zrender.js:283:14[90m)[39m
      at ECharts.dispose [90m(file:///C:/Users/Memo/Desktop/Projects/New%20folder/HR-Dashboard/hr-analytics-platform/
[39mnode_modules/[4mecharts[24m/lib/core/echarts.js:876:15[90m)[39m
      at _ChartComponent.ngOnDestroy (C:/Users/Memo/Desktop/Projects/New 
folder/HR-Dashboard/hr-analytics-platform/src/app/components/chart/chart.component.ts:96:17)
      at executeOnDestroys [90m(file:///C:/Users/Memo/Desktop/Projects/New%20folder/HR-Dashboard/hr-analytics-platform
/[39mnode_modules/[4m@angular[24m/core/fesm2022/_debug_node-chunk.mjs:4842:20[90m)[39m
}

 [31mΓ¥»[39m [30m[45m hr-analytics-platform [49m[39m src/app/components/chart/chart.component.spec.ts [2m([22m[2m6 tests[22m[2m | [22m[31m3 failed[39m[2m)[22m[33m 7116[2mms[22m[39m
     [32mΓ£ô[39m should create[32m 39[2mms[22m[39m
[31m     [31m├ù[31m should initialize echarts on init[39m[32m 59[2mms[22m[39m
     [32mΓ£ô[39m should update chart when config changes[32m 73[2mms[22m[39m
[31m     [31m├ù[31m should emit chartClick event when chart is clicked[39m[33m 5518[2mms[22m[39m
[31m     [31m├ù[31m should cleanup on destroy[39m[33m 1344[2mms[22m[39m
     [32mΓ£ô[39m should have correct height from config[32m 75[2mms[22m[39m
 [32mΓ£ô[39m [30m[45m hr-analytics-platform [49m[39m src/app/layouts/dashboard-layout/dashboard-layout.component.spec.ts [2m([22m[2m4 tests[22m[2m)[22m[33m 1289[2mms[22m[39m
     [33m[2mΓ£ô[22m[39m should create [33m 454[2mms[22m[39m
     [33m[2mΓ£ô[22m[39m should rely on ThemeService for theme toggles [33m 302[2mms[22m[39m
[90mstderr[2m | src/app/pages/performance/performance.basic.spec.ts[2m > [22m[2mPerformanceComponent Basic[2m > 
[22m[2mshould display components despite NO_ERRORS_SCHEMA
[22m[39mERROR ReferenceError: IntersectionObserver is not defined
    at createIntersectionObserver [90m(file:///C:/Users/Memo/Desktop/Projects/New%20folder/HR-Dashboard/hr-analytics-p
latform/[39mnode_modules/[4m@angular[24m/core/fesm2022/_debug_node-chunk.mjs:2118:3[90m)[39m
    at [90mfile:///C:/Users/Memo/Desktop/Projects/New%20folder/HR-Dashboard/hr-analytics-platform/[39mnode_modules/[
4m@angular[24m/core/fesm2022/_debug_node-chunk.mjs:10482:100
    at NoopNgZone.runOutsideAngular [90m(file:///C:/Users/Memo/Desktop/Projects/New%20folder/HR-Dashboard/hr-analytics
-platform/[39mnode_modules/[4m@angular[24m/core/fesm2022/_effect-chunk2.mjs:2576:12[90m)[39m
    at [90mfile:///C:/Users/Memo/Desktop/Projects/New%20folder/HR-Dashboard/hr-analytics-platform/[39mnode_modules/[
4m@angular[24m/core/fesm2022/_debug_node-chunk.mjs:10482:76
    at onViewport [90m(file:///C:/Users/Memo/Desktop/Projects/New%20folder/HR-Dashboard/hr-analytics-platform/[39mnod
e_modules/[4m@angular[24m/core/fesm2022/_debug_node-chunk.mjs:2131:17[90m)[39m
    at onViewportWrapper [90m(file:///C:/Users/Memo/Desktop/Projects/New%20folder/HR-Dashboard/hr-analytics-platform/
[39mnode_modules/[4m@angular[24m/core/fesm2022/_debug_node-chunk.mjs:10482:10[90m)[39m
    at pollDomTrigger [90m(file:///C:/Users/Memo/Desktop/Projects/New%20folder/HR-Dashboard/hr-analytics-platform/[39
mnode_modules/[4m@angular[24m/core/fesm2022/_debug_node-chunk.mjs:10531:21[90m)[39m
    at [90mfile:///C:/Users/Memo/Desktop/Projects/New%20folder/HR-Dashboard/hr-analytics-platform/[39mnode_modules/[
4m@angular[24m/core/fesm2022/_debug_node-chunk.mjs:4392:27
    at AfterRenderImpl.maybeTrace [90m(file:///C:/Users/Memo/Desktop/Projects/New%20folder/HR-Dashboard/hr-analytics-p
latform/[39mnode_modules/[4m@angular[24m/core/fesm2022/_debug_node-chunk.mjs:4449:75[90m)[39m
    at [90mfile:///C:/Users/Memo/Desktop/Projects/New%20folder/HR-Dashboard/hr-analytics-platform/[39mnode_modules/[
4m@angular[24m/core/fesm2022/_debug_node-chunk.mjs:4390:78
ERROR ReferenceError: IntersectionObserver is not defined
    at createIntersectionObserver [90m(file:///C:/Users/Memo/Desktop/Projects/New%20folder/HR-Dashboard/hr-analytics-p
latform/[39mnode_modules/[4m@angular[24m/core/fesm2022/_debug_node-chunk.mjs:2118:3[90m)[39m
    at [90mfile:///C:/Users/Memo/Desktop/Projects/New%20folder/HR-Dashboard/hr-analytics-platform/[39mnode_modules/[
4m@angular[24m/core/fesm2022/_debug_node-chunk.mjs:10482:100
    at NoopNgZone.runOutsideAngular [90m(file:///C:/Users/Memo/Desktop/Projects/New%20folder/HR-Dashboard/hr-analytics
-platform/[39mnode_modules/[4m@angular[24m/core/fesm2022/_effect-chunk2.mjs:2576:12[90m)[39m
    at [90mfile:///C:/Users/Memo/Desktop/Projects/New%20folder/HR-Dashboard/hr-analytics-platform/[39mnode_modules/[
4m@angular[24m/core/fesm2022/_debug_node-chunk.mjs:10482:76
    at onViewport [90m(file:///C:/Users/Memo/Desktop/Projects/New%20folder/HR-Dashboard/hr-analytics-platform/[39mnod
e_modules/[4m@angular[24m/core/fesm2022/_debug_node-chunk.mjs:2131:17[90m)[39m
    at onViewportWrapper [90m(file:///C:/Users/Memo/Desktop/Projects/New%20folder/HR-Dashboard/hr-analytics-platform/
[39mnode_modules/[4m@angular[24m/core/fesm2022/_debug_node-chunk.mjs:10482:10[90m)[39m
    at pollDomTrigger [90m(file:///C:/Users/Memo/Desktop/Projects/New%20folder/HR-Dashboard/hr-analytics-platform/[39
mnode_modules/[4m@angular[24m/core/fesm2022/_debug_node-chunk.mjs:10531:21[90m)[39m
    at [90mfile:///C:/Users/Memo/Desktop/Projects/New%20folder/HR-Dashboard/hr-analytics-platform/[39mnode_modules/[
4m@angular[24m/core/fesm2022/_debug_node-chunk.mjs:4392:27
    at AfterRenderImpl.maybeTrace [90m(file:///C:/Users/Memo/Desktop/Projects/New%20folder/HR-Dashboard/hr-analytics-p
latform/[39mnode_modules/[4m@angular[24m/core/fesm2022/_debug_node-chunk.mjs:4449:75[90m)[39m
    at [90mfile:///C:/Users/Memo/Desktop/Projects/New%20folder/HR-Dashboard/hr-analytics-platform/[39mnode_modules/[
4m@angular[24m/core/fesm2022/_debug_node-chunk.mjs:4390:78
ERROR ReferenceError: IntersectionObserver is not defined
    at createIntersectionObserver [90m(file:///C:/Users/Memo/Desktop/Projects/New%20folder/HR-Dashboard/hr-analytics-p
latform/[39mnode_modules/[4m@angular[24m/core/fesm2022/_debug_node-chunk.mjs:2118:3[90m)[39m
    at [90mfile:///C:/Users/Memo/Desktop/Projects/New%20folder/HR-Dashboard/hr-analytics-platform/[39mnode_modules/[
4m@angular[24m/core/fesm2022/_debug_node-chunk.mjs:10482:100
    at NoopNgZone.runOutsideAngular [90m(file:///C:/Users/Memo/Desktop/Projects/New%20folder/HR-Dashboard/hr-analytics
-platform/[39mnode_modules/[4m@angular[24m/core/fesm2022/_effect-chunk2.mjs:2576:12[90m)[39m
    at [90mfile:///C:/Users/Memo/Desktop/Projects/New%20folder/HR-Dashboard/hr-analytics-platform/[39mnode_modules/[
4m@angular[24m/core/fesm2022/_debug_node-chunk.mjs:10482:76
    at onViewport [90m(file:///C:/Users/Memo/Desktop/Projects/New%20folder/HR-Dashboard/hr-analytics-platform/[39mnod
e_modules/[4m@angular[24m/core/fesm2022/_debug_node-chunk.mjs:2131:17[90m)[39m
    at onViewportWrapper [90m(file:///C:/Users/Memo/Desktop/Projects/New%20folder/HR-Dashboard/hr-analytics-platform/
[39mnode_modules/[4m@angular[24m/core/fesm2022/_debug_node-chunk.mjs:10482:10[90m)[39m
    at pollDomTrigger [90m(file:///C:/Users/Memo/Desktop/Projects/New%20folder/HR-Dashboard/hr-analytics-platform/[39
mnode_modules/[4m@angular[24m/core/fesm2022/_debug_node-chunk.mjs:10531:21[90m)[39m
    at [90mfile:///C:/Users/Memo/Desktop/Projects/New%20folder/HR-Dashboard/hr-analytics-platform/[39mnode_modules/[
4m@angular[24m/core/fesm2022/_debug_node-chunk.mjs:4392:27
    at AfterRenderImpl.maybeTrace [90m(file:///C:/Users/Memo/Desktop/Projects/New%20folder/HR-Dashboard/hr-analytics-p
latform/[39mnode_modules/[4m@angular[24m/core/fesm2022/_debug_node-chunk.mjs:4449:75[90m)[39m
    at [90mfile:///C:/Users/Memo/Desktop/Projects/New%20folder/HR-Dashboard/hr-analytics-platform/[39mnode_modules/[
4m@angular[24m/core/fesm2022/_debug_node-chunk.mjs:4390:78
ERROR ReferenceError: IntersectionObserver is not defined
    at createIntersectionObserver [90m(file:///C:/Users/Memo/Desktop/Projects/New%20folder/HR-Dashboard/hr-analytics-p
latform/[39mnode_modules/[4m@angular[24m/core/fesm2022/_debug_node-chunk.mjs:2118:3[90m)[39m
    at [90mfile:///C:/Users/Memo/Desktop/Projects/New%20folder/HR-Dashboard/hr-analytics-platform/[39mnode_modules/[
4m@angular[24m/core/fesm2022/_debug_node-chunk.mjs:10482:100
    at NoopNgZone.runOutsideAngular [90m(file:///C:/Users/Memo/Desktop/Projects/New%20folder/HR-Dashboard/hr-analytics
-platform/[39mnode_modules/[4m@angular[24m/core/fesm2022/_effect-chunk2.mjs:2576:12[90m)[39m
    at [90mfile:///C:/Users/Memo/Desktop/Projects/New%20folder/HR-Dashboard/hr-analytics-platform/[39mnode_modules/[
4m@angular[24m/core/fesm2022/_debug_node-chunk.mjs:10482:76
    at onViewport [90m(file:///C:/Users/Memo/Desktop/Projects/New%20folder/HR-Dashboard/hr-analytics-platform/[39mnod
e_modules/[4m@angular[24m/core/fesm2022/_debug_node-chunk.mjs:2131:17[90m)[39m
    at onViewportWrapper [90m(file:///C:/Users/Memo/Desktop/Projects/New%20folder/HR-Dashboard/hr-analytics-platform/
[39mnode_modules/[4m@angular[24m/core/fesm2022/_debug_node-chunk.mjs:10482:10[90m)[39m
    at pollDomTrigger [90m(file:///C:/Users/Memo/Desktop/Projects/New%20folder/HR-Dashboard/hr-analytics-platform/[39
mnode_modules/[4m@angular[24m/core/fesm2022/_debug_node-chunk.mjs:10531:21[90m)[39m
    at [90mfile:///C:/Users/Memo/Desktop/Projects/New%20folder/HR-Dashboard/hr-analytics-platform/[39mnode_modules/[
4m@angular[24m/core/fesm2022/_debug_node-chunk.mjs:4392:27
    at AfterRenderImpl.maybeTrace [90m(file:///C:/Users/Memo/Desktop/Projects/New%20folder/HR-Dashboard/hr-analytics-p
latform/[39mnode_modules/[4m@angular[24m/core/fesm2022/_debug_node-chunk.mjs:4449:75[90m)[39m
    at [90mfile:///C:/Users/Memo/Desktop/Projects/New%20folder/HR-Dashboard/hr-analytics-platform/[39mnode_modules/[
4m@angular[24m/core/fesm2022/_debug_node-chunk.mjs:4390:78
ERROR ReferenceError: IntersectionObserver is not defined
    at createIntersectionObserver [90m(file:///C:/Users/Memo/Desktop/Projects/New%20folder/HR-Dashboard/hr-analytics-p
latform/[39mnode_modules/[4m@angular[24m/core/fesm2022/_debug_node-chunk.mjs:2118:3[90m)[39m
    at [90mfile:///C:/Users/Memo/Desktop/Projects/New%20folder/HR-Dashboard/hr-analytics-platform/[39mnode_modules/[
4m@angular[24m/core/fesm2022/_debug_node-chunk.mjs:10482:100
    at NoopNgZone.runOutsideAngular [90m(file:///C:/Users/Memo/Desktop/Projects/New%20folder/HR-Dashboard/hr-analytics
-platform/[39mnode_modules/[4m@angular[24m/core/fesm2022/_effect-chunk2.mjs:2576:12[90m)[39m
    at [90mfile:///C:/Users/Memo/Desktop/Projects/New%20folder/HR-Dashboard/hr-analytics-platform/[39mnode_modules/[
4m@angular[24m/core/fesm2022/_debug_node-chunk.mjs:10482:76
    at onViewport [90m(file:///C:/Users/Memo/Desktop/Projects/New%20folder/HR-Dashboard/hr-analytics-platform/[39mnod
e_modules/[4m@angular[24m/core/fesm2022/_debug_node-chunk.mjs:2131:17[90m)[39m
    at onViewportWrapper [90m(file:///C:/Users/Memo/Desktop/Projects/New%20folder/HR-Dashboard/hr-analytics-platform/
[39mnode_modules/[4m@angular[24m/core/fesm2022/_debug_node-chunk.mjs:10482:10[90m)[39m
    at pollDomTrigger [90m(file:///C:/Users/Memo/Desktop/Projects/New%20folder/HR-Dashboard/hr-analytics-platform/[39
mnode_modules/[4m@angular[24m/core/fesm2022/_debug_node-chunk.mjs:10531:21[90m)[39m
    at [90mfile:///C:/Users/Memo/Desktop/Projects/New%20folder/HR-Dashboard/hr-analytics-platform/[39mnode_modules/[
4m@angular[24m/core/fesm2022/_debug_node-chunk.mjs:4392:27
    at AfterRenderImpl.maybeTrace [90m(file:///C:/Users/Memo/Desktop/Projects/New%20folder/HR-Dashboard/hr-analytics-p
latform/[39mnode_modules/[4m@angular[24m/core/fesm2022/_debug_node-chunk.mjs:4449:75[90m)[39m
    at [90mfile:///C:/Users/Memo/Desktop/Projects/New%20folder/HR-Dashboard/hr-analytics-platform/[39mnode_modules/[
4m@angular[24m/core/fesm2022/_debug_node-chunk.mjs:4390:78

[90mstderr[2m | src/app/pages/performance/performance.basic.spec.ts
[22m[39mError loading performance data: HttpErrorResponse {
  headers: HttpHeaders {
    headers: Map(0) {},
    normalizedNames: Map(0) {},
    lazyInit: [90mundefined[39m,
    lazyUpdate: [1mnull[22m
  },
  status: [33m0[39m,
  statusText: [32m'Unknown Error'[39m,
  url: [32m'/api/performance-metrics.json'[39m,
  ok: [33mfalse[39m,
  type: [90mundefined[39m,
  redirected: [90mundefined[39m,
  responseType: [90mundefined[39m,
  name: [32m'HttpErrorResponse'[39m,
  message: [32m'Http failure response for /api/performance-metrics.json: 0 Unknown Error'[39m,
  error: ProgressEvent { isTrusted: [36m[Getter][39m }
}

 [32mΓ£ô[39m [30m[45m hr-analytics-platform [49m[39m src/app/pages/performance/performance.basic.spec.ts [2m([22m[2m2 tests[22m[2m)[22m[33m 515[2mms[22m[39m
     [33m[2mΓ£ô[22m[39m should display components despite NO_ERRORS_SCHEMA [33m 342[2mms[22m[39m
 [32mΓ£ô[39m [30m[45m hr-analytics-platform [49m[39m src/app/components/filter-panel/filter-panel.component.spec.ts [2m([22m[2m5 tests[22m[2m)[22m[33m 504[2mms[22m[39m
[90mstderr[2m | src/app/services/auth.service.spec.ts[2m > [22m[2mAuthService[2m > [22m[2mLogin[2m > 
[22m[2mshould handle login failure
[22m[39mLogin failed: HttpErrorResponse {
  headers: HttpHeaders {
    headers: Map(0) {},
    normalizedNames: Map(0) {},
    lazyInit: [90mundefined[39m,
    lazyUpdate: [1mnull[22m
  },
  status: [33m401[39m,
  statusText: [32m'Unknown Error'[39m,
  url: [32m'/api/auth/login'[39m,
  ok: [33mfalse[39m,
  type: [90mundefined[39m,
  redirected: [90mundefined[39m,
  responseType: [90mundefined[39m,
  name: [32m'HttpErrorResponse'[39m,
  message: [32m'Http failure response for /api/auth/login: 401 '[39m,
  error: ErrorEvent { isTrusted: [36m[Getter][39m }
}

[90mstderr[2m | src/app/services/auth.service.spec.ts[2m > [22m[2mAuthService[2m > [22m[2mSession Timeout[2m 
> [22m[2mshould logout on session timeout
[22m[39mSession timeout - logging out

 [31mΓ¥»[39m [30m[45m hr-analytics-platform [49m[39m src/app/services/auth.service.spec.ts [2m([22m[2m16 tests[22m[2m | [22m[31m4 failed[39m[2m)[22m[32m 287[2mms[22m[39m
       [32mΓ£ô[39m should login with valid credentials[32m 23[2mms[22m[39m
       [32mΓ£ô[39m should store token after successful login[32m 9[2mms[22m[39m
       [32mΓ£ô[39m should set current user after successful login[32m 9[2mms[22m[39m
       [32mΓ£ô[39m should handle login failure[32m 12[2mms[22m[39m
[31m       [31m├ù[31m should clear tokens on logout[39m[32m 14[2mms[22m[39m
[31m       [31m├ù[31m should clear current user on logout[39m[32m 16[2mms[22m[39m
[31m       [31m├ù[31m should navigate to login on logout[39m[32m 15[2mms[22m[39m
       [32mΓ£ô[39m should get token[32m 6[2mms[22m[39m
       [32mΓ£ô[39m should return null if no token[32m 10[2mms[22m[39m
       [32mΓ£ô[39m should refresh token[32m 17[2mms[22m[39m
       [32mΓ£ô[39m should return true if authenticated[32m 40[2mms[22m[39m
       [32mΓ£ô[39m should return false if not authenticated[32m 7[2mms[22m[39m
       [32mΓ£ô[39m should check if user has role[32m 50[2mms[22m[39m
       [32mΓ£ô[39m should check if user has any role[32m 8[2mms[22m[39m
       [32mΓ£ô[39m should check if user has all roles[32m 17[2mms[22m[39m
[31m       [31m├ù[31m should logout on session timeout[39m[32m 33[2mms[22m[39m
 [31mΓ¥»[39m [30m[45m hr-analytics-platform [49m[39m src/app/pages/employees/employees.component.spec.ts [2m([22m[2m12 tests[22m[2m | [22m[31m12 failed[39m[2m)[22m[33m 1352[2mms[22m[39m
[31m     [31m├ù[31m should create[39m[32m 292[2mms[22m[39m
[31m     [31m├ù[31m should display employee count[39m[32m 157[2mms[22m[39m
[31m     [31m├ù[31m should calculate active employees count correctly[39m[32m 137[2mms[22m[39m
[31m     [31m├ù[31m should calculate on leave count correctly[39m[32m 135[2mms[22m[39m
[31m     [31m├ù[31m should calculate average performance score[39m[32m 90[2mms[22m[39m
[31m     [31m├ù[31m should count unique departments[39m[32m 126[2mms[22m[39m
[31m     [31m├ù[31m should filter employees by department[39m[32m 77[2mms[22m[39m
[31m     [31m├ù[31m should filter employees by status[39m[32m 65[2mms[22m[39m
[31m     [31m├ù[31m should filter employees by performance score range[39m[32m 70[2mms[22m[39m
[31m     [31m├ù[31m should handle search results[39m[32m 81[2mms[22m[39m
[31m     [31m├ù[31m should apply multiple filters simultaneously[39m[32m 82[2mms[22m[39m
[31m     [31m├ù[31m should pass accessibility checks[39m[32m 37[2mms[22m[39m
 [32mΓ£ô[39m [30m[45m hr-analytics-platform [49m[39m src/app/components/search-input/search-input.component.spec.ts [2m([22m[2m5 tests[22m[2m)[22m[33m 507[2mms[22m[39m
[90mstderr[2m | src/app/pages/performance/performance.component.spec.ts[2m > [22m[2mPerformanceComponent 
Simple[2m > [22m[2mshould create
[22m[39mERROR ReferenceError: IntersectionObserver is not defined
    at createIntersectionObserver [90m(file:///C:/Users/Memo/Desktop/Projects/New%20folder/HR-Dashboard/hr-analytics-p
latform/[39mnode_modules/[4m@angular[24m/core/fesm2022/_debug_node-chunk.mjs:2118:3[90m)[39m
    at [90mfile:///C:/Users/Memo/Desktop/Projects/New%20folder/HR-Dashboard/hr-analytics-platform/[39mnode_modules/[
4m@angular[24m/core/fesm2022/_debug_node-chunk.mjs:10482:100
    at NoopNgZone.runOutsideAngular [90m(file:///C:/Users/Memo/Desktop/Projects/New%20folder/HR-Dashboard/hr-analytics
-platform/[39mnode_modules/[4m@angular[24m/core/fesm2022/_effect-chunk2.mjs:2576:12[90m)[39m
    at [90mfile:///C:/Users/Memo/Desktop/Projects/New%20folder/HR-Dashboard/hr-analytics-platform/[39mnode_modules/[
4m@angular[24m/core/fesm2022/_debug_node-chunk.mjs:10482:76
    at onViewport [90m(file:///C:/Users/Memo/Desktop/Projects/New%20folder/HR-Dashboard/hr-analytics-platform/[39mnod
e_modules/[4m@angular[24m/core/fesm2022/_debug_node-chunk.mjs:2131:17[90m)[39m
    at onViewportWrapper [90m(file:///C:/Users/Memo/Desktop/Projects/New%20folder/HR-Dashboard/hr-analytics-platform/
[39mnode_modules/[4m@angular[24m/core/fesm2022/_debug_node-chunk.mjs:10482:10[90m)[39m
    at pollDomTrigger [90m(file:///C:/Users/Memo/Desktop/Projects/New%20folder/HR-Dashboard/hr-analytics-platform/[39
mnode_modules/[4m@angular[24m/core/fesm2022/_debug_node-chunk.mjs:10531:21[90m)[39m
    at [90mfile:///C:/Users/Memo/Desktop/Projects/New%20folder/HR-Dashboard/hr-analytics-platform/[39mnode_modules/[
4m@angular[24m/core/fesm2022/_debug_node-chunk.mjs:4392:27
    at AfterRenderImpl.maybeTrace [90m(file:///C:/Users/Memo/Desktop/Projects/New%20folder/HR-Dashboard/hr-analytics-p
latform/[39mnode_modules/[4m@angular[24m/core/fesm2022/_debug_node-chunk.mjs:4449:75[90m)[39m
    at [90mfile:///C:/Users/Memo/Desktop/Projects/New%20folder/HR-Dashboard/hr-analytics-platform/[39mnode_modules/[
4m@angular[24m/core/fesm2022/_debug_node-chunk.mjs:4390:78
ERROR ReferenceError: IntersectionObserver is not defined
    at createIntersectionObserver [90m(file:///C:/Users/Memo/Desktop/Projects/New%20folder/HR-Dashboard/hr-analytics-p
latform/[39mnode_modules/[4m@angular[24m/core/fesm2022/_debug_node-chunk.mjs:2118:3[90m)[39m
    at [90mfile:///C:/Users/Memo/Desktop/Projects/New%20folder/HR-Dashboard/hr-analytics-platform/[39mnode_modules/[
4m@angular[24m/core/fesm2022/_debug_node-chunk.mjs:10482:100
    at NoopNgZone.runOutsideAngular [90m(file:///C:/Users/Memo/Desktop/Projects/New%20folder/HR-Dashboard/hr-analytics
-platform/[39mnode_modules/[4m@angular[24m/core/fesm2022/_effect-chunk2.mjs:2576:12[90m)[39m
    at [90mfile:///C:/Users/Memo/Desktop/Projects/New%20folder/HR-Dashboard/hr-analytics-platform/[39mnode_modules/[
4m@angular[24m/core/fesm2022/_debug_node-chunk.mjs:10482:76
    at onViewport [90m(file:///C:/Users/Memo/Desktop/Projects/New%20folder/HR-Dashboard/hr-analytics-platform/[39mnod
e_modules/[4m@angular[24m/core/fesm2022/_debug_node-chunk.mjs:2131:17[90m)[39m
    at onViewportWrapper [90m(file:///C:/Users/Memo/Desktop/Projects/New%20folder/HR-Dashboard/hr-analytics-platform/
[39mnode_modules/[4m@angular[24m/core/fesm2022/_debug_node-chunk.mjs:10482:10[90m)[39m
    at pollDomTrigger [90m(file:///C:/Users/Memo/Desktop/Projects/New%20folder/HR-Dashboard/hr-analytics-platform/[39
mnode_modules/[4m@angular[24m/core/fesm2022/_debug_node-chunk.mjs:10531:21[90m)[39m
    at [90mfile:///C:/Users/Memo/Desktop/Projects/New%20folder/HR-Dashboard/hr-analytics-platform/[39mnode_modules/[
4m@angular[24m/core/fesm2022/_debug_node-chunk.mjs:4392:27
    at AfterRenderImpl.maybeTrace [90m(file:///C:/Users/Memo/Desktop/Projects/New%20folder/HR-Dashboard/hr-analytics-p
latform/[39mnode_modules/[4m@angular[24m/core/fesm2022/_debug_node-chunk.mjs:4449:75[90m)[39m
    at [90mfile:///C:/Users/Memo/Desktop/Projects/New%20folder/HR-Dashboard/hr-analytics-platform/[39mnode_modules/[
4m@angular[24m/core/fesm2022/_debug_node-chunk.mjs:4390:78
ERROR ReferenceError: IntersectionObserver is not defined
    at createIntersectionObserver [90m(file:///C:/Users/Memo/Desktop/Projects/New%20folder/HR-Dashboard/hr-analytics-p
latform/[39mnode_modules/[4m@angular[24m/core/fesm2022/_debug_node-chunk.mjs:2118:3[90m)[39m
    at [90mfile:///C:/Users/Memo/Desktop/Projects/New%20folder/HR-Dashboard/hr-analytics-platform/[39mnode_modules/[
4m@angular[24m/core/fesm2022/_debug_node-chunk.mjs:10482:100
    at NoopNgZone.runOutsideAngular [90m(file:///C:/Users/Memo/Desktop/Projects/New%20folder/HR-Dashboard/hr-analytics
-platform/[39mnode_modules/[4m@angular[24m/core/fesm2022/_effect-chunk2.mjs:2576:12[90m)[39m
    at [90mfile:///C:/Users/Memo/Desktop/Projects/New%20folder/HR-Dashboard/hr-analytics-platform/[39mnode_modules/[
4m@angular[24m/core/fesm2022/_debug_node-chunk.mjs:10482:76
    at onViewport [90m(file:///C:/Users/Memo/Desktop/Projects/New%20folder/HR-Dashboard/hr-analytics-platform/[39mnod
e_modules/[4m@angular[24m/core/fesm2022/_debug_node-chunk.mjs:2131:17[90m)[39m
    at onViewportWrapper [90m(file:///C:/Users/Memo/Desktop/Projects/New%20folder/HR-Dashboard/hr-analytics-platform/
[39mnode_modules/[4m@angular[24m/core/fesm2022/_debug_node-chunk.mjs:10482:10[90m)[39m
    at pollDomTrigger [90m(file:///C:/Users/Memo/Desktop/Projects/New%20folder/HR-Dashboard/hr-analytics-platform/[39
mnode_modules/[4m@angular[24m/core/fesm2022/_debug_node-chunk.mjs:10531:21[90m)[39m
    at [90mfile:///C:/Users/Memo/Desktop/Projects/New%20folder/HR-Dashboard/hr-analytics-platform/[39mnode_modules/[
4m@angular[24m/core/fesm2022/_debug_node-chunk.mjs:4392:27
    at AfterRenderImpl.maybeTrace [90m(file:///C:/Users/Memo/Desktop/Projects/New%20folder/HR-Dashboard/hr-analytics-p
latform/[39mnode_modules/[4m@angular[24m/core/fesm2022/_debug_node-chunk.mjs:4449:75[90m)[39m
    at [90mfile:///C:/Users/Memo/Desktop/Projects/New%20folder/HR-Dashboard/hr-analytics-platform/[39mnode_modules/[
4m@angular[24m/core/fesm2022/_debug_node-chunk.mjs:4390:78
ERROR ReferenceError: IntersectionObserver is not defined
    at createIntersectionObserver [90m(file:///C:/Users/Memo/Desktop/Projects/New%20folder/HR-Dashboard/hr-analytics-p
latform/[39mnode_modules/[4m@angular[24m/core/fesm2022/_debug_node-chunk.mjs:2118:3[90m)[39m
    at [90mfile:///C:/Users/Memo/Desktop/Projects/New%20folder/HR-Dashboard/hr-analytics-platform/[39mnode_modules/[
4m@angular[24m/core/fesm2022/_debug_node-chunk.mjs:10482:100
    at NoopNgZone.runOutsideAngular [90m(file:///C:/Users/Memo/Desktop/Projects/New%20folder/HR-Dashboard/hr-analytics
-platform/[39mnode_modules/[4m@angular[24m/core/fesm2022/_effect-chunk2.mjs:2576:12[90m)[39m
    at [90mfile:///C:/Users/Memo/Desktop/Projects/New%20folder/HR-Dashboard/hr-analytics-platform/[39mnode_modules/[
4m@angular[24m/core/fesm2022/_debug_node-chunk.mjs:10482:76
    at onViewport [90m(file:///C:/Users/Memo/Desktop/Projects/New%20folder/HR-Dashboard/hr-analytics-platform/[39mnod
e_modules/[4m@angular[24m/core/fesm2022/_debug_node-chunk.mjs:2131:17[90m)[39m
    at onViewportWrapper [90m(file:///C:/Users/Memo/Desktop/Projects/New%20folder/HR-Dashboard/hr-analytics-platform/
[39mnode_modules/[4m@angular[24m/core/fesm2022/_debug_node-chunk.mjs:10482:10[90m)[39m
    at pollDomTrigger [90m(file:///C:/Users/Memo/Desktop/Projects/New%20folder/HR-Dashboard/hr-analytics-platform/[39
mnode_modules/[4m@angular[24m/core/fesm2022/_debug_node-chunk.mjs:10531:21[90m)[39m
    at [90mfile:///C:/Users/Memo/Desktop/Projects/New%20folder/HR-Dashboard/hr-analytics-platform/[39mnode_modules/[
4m@angular[24m/core/fesm2022/_debug_node-chunk.mjs:4392:27
    at AfterRenderImpl.maybeTrace [90m(file:///C:/Users/Memo/Desktop/Projects/New%20folder/HR-Dashboard/hr-analytics-p
latform/[39mnode_modules/[4m@angular[24m/core/fesm2022/_debug_node-chunk.mjs:4449:75[90m)[39m
    at [90mfile:///C:/Users/Memo/Desktop/Projects/New%20folder/HR-Dashboard/hr-analytics-platform/[39mnode_modules/[
4m@angular[24m/core/fesm2022/_debug_node-chunk.mjs:4390:78
ERROR ReferenceError: IntersectionObserver is not defined
    at createIntersectionObserver [90m(file:///C:/Users/Memo/Desktop/Projects/New%20folder/HR-Dashboard/hr-analytics-p
latform/[39mnode_modules/[4m@angular[24m/core/fesm2022/_debug_node-chunk.mjs:2118:3[90m)[39m
    at [90mfile:///C:/Users/Memo/Desktop/Projects/New%20folder/HR-Dashboard/hr-analytics-platform/[39mnode_modules/[
4m@angular[24m/core/fesm2022/_debug_node-chunk.mjs:10482:100
    at NoopNgZone.runOutsideAngular [90m(file:///C:/Users/Memo/Desktop/Projects/New%20folder/HR-Dashboard/hr-analytics
-platform/[39mnode_modules/[4m@angular[24m/core/fesm2022/_effect-chunk2.mjs:2576:12[90m)[39m
    at [90mfile:///C:/Users/Memo/Desktop/Projects/New%20folder/HR-Dashboard/hr-analytics-platform/[39mnode_modules/[
4m@angular[24m/core/fesm2022/_debug_node-chunk.mjs:10482:76
    at onViewport [90m(file:///C:/Users/Memo/Desktop/Projects/New%20folder/HR-Dashboard/hr-analytics-platform/[39mnod
e_modules/[4m@angular[24m/core/fesm2022/_debug_node-chunk.mjs:2131:17[90m)[39m
    at onViewportWrapper [90m(file:///C:/Users/Memo/Desktop/Projects/New%20folder/HR-Dashboard/hr-analytics-platform/
[39mnode_modules/[4m@angular[24m/core/fesm2022/_debug_node-chunk.mjs:10482:10[90m)[39m
    at pollDomTrigger [90m(file:///C:/Users/Memo/Desktop/Projects/New%20folder/HR-Dashboard/hr-analytics-platform/[39
mnode_modules/[4m@angular[24m/core/fesm2022/_debug_node-chunk.mjs:10531:21[90m)[39m
    at [90mfile:///C:/Users/Memo/Desktop/Projects/New%20folder/HR-Dashboard/hr-analytics-platform/[39mnode_modules/[
4m@angular[24m/core/fesm2022/_debug_node-chunk.mjs:4392:27
    at AfterRenderImpl.maybeTrace [90m(file:///C:/Users/Memo/Desktop/Projects/New%20folder/HR-Dashboard/hr-analytics-p
latform/[39mnode_modules/[4m@angular[24m/core/fesm2022/_debug_node-chunk.mjs:4449:75[90m)[39m
    at [90mfile:///C:/Users/Memo/Desktop/Projects/New%20folder/HR-Dashboard/hr-analytics-platform/[39mnode_modules/[
4m@angular[24m/core/fesm2022/_debug_node-chunk.mjs:4390:78

[90mstderr[2m | src/app/pages/performance/performance.component.spec.ts
[22m[39mError loading performance data: HttpErrorResponse {
  headers: HttpHeaders {
    headers: Map(0) {},
    normalizedNames: Map(0) {},
    lazyInit: [90mundefined[39m,
    lazyUpdate: [1mnull[22m
  },
  status: [33m0[39m,
  statusText: [32m'Unknown Error'[39m,
  url: [32m'/api/dashboard-metrics.json'[39m,
  ok: [33mfalse[39m,
  type: [90mundefined[39m,
  redirected: [90mundefined[39m,
  responseType: [90mundefined[39m,
  name: [32m'HttpErrorResponse'[39m,
  message: [32m'Http failure response for /api/dashboard-metrics.json: 0 Unknown Error'[39m,
  error: ProgressEvent { isTrusted: [36m[Getter][39m }
}

 [32mΓ£ô[39m [30m[45m hr-analytics-platform [49m[39m src/app/pages/performance/performance.component.spec.ts [2m([22m[2m1 test[22m[2m)[22m[32m 195[2mms[22m[39m
 [32mΓ£ô[39m [30m[45m hr-analytics-platform [49m[39m src/app/store/employees/employees.concurrent-updates.spec.ts [2m([22m[2m12 tests[22m[2m)[22m[32m 104[2mms[22m[39m
 [32mΓ£ô[39m [30m[45m hr-analytics-platform [49m[39m src/app/components/notification-center/notification-center.component.spec.ts [2m([22m[2m6 tests[22m[2m)[22m[33m 311[2mms[22m[39m
 [32mΓ£ô[39m [30m[45m hr-analytics-platform [49m[39m src/config.spec.ts [2m([22m[2m15 tests[22m[2m)[22m[33m 15309[2mms[22m[39m
       [33m[2mΓ£ô[22m[39m should resolve @app alias [33m 1809[2mms[22m[39m
       [33m[2mΓ£ô[22m[39m should resolve @components alias [33m 13118[2mms[22m[39m
       [33m[2mΓ£ô[22m[39m should resolve @store alias [33m 353[2mms[22m[39m
[90mstdout[2m | src/app/store/employees/employees.realtime-integration.spec.ts[2m > [22m[2mReal-Time Features Integration[2m > [22m[2mConnection Loss and Recovery[2m > [22m[2mshould queue updates when connection is lost
[22m[39m[WebSocketService] Disconnected from WebSocket server
[WebSocketService] Attempting to reconnect in 1000ms (attempt 1/5)

[90mstdout[2m | src/app/store/employees/employees.realtime-integration.spec.ts[2m > [22m[2mReal-Time Features Integration[2m > [22m[2mConnection Loss and Recovery[2m > [22m[2mshould synchronize queued updates when connection is restored
[22m[39m[WebSocketService] Disconnected from WebSocket server
[WebSocketService] Attempting to reconnect in 1000ms (attempt 1/5)
[WebSocketService] Connected to WebSocket server

[90mstdout[2m | src/app/store/employees/employees.realtime-integration.spec.ts[2m > [22m[2mReal-Time Features Integration[2m > [22m[2mConnection Loss and Recovery[2m > [22m[2mshould handle reconnection with exponential backoff
[22m[39m[WebSocketService] Disconnected from WebSocket server
[WebSocketService] Attempting to reconnect in 1000ms (attempt 1/5)

[90mstdout[2m | src/app/store/employees/employees.realtime-integration.spec.ts[2m > [22m[2mReal-Time Features Integration[2m > [22m[2mConnection Loss and Recovery[2m > [22m[2mshould recover from temporary connection interruptions
[22m[39m[WebSocketService] Disconnected from WebSocket server
[WebSocketService] Attempting to reconnect in 1000ms (attempt 1/5)
[WebSocketService] Connected to WebSocket server

 [32mΓ£ô[39m [30m[45m hr-analytics-platform [49m[39m src/app/store/employees/employees.realtime-integration.spec.ts [2m([22m[2m13 tests[22m[2m)[22m[32m 149[2mms[22m[39m
 [32mΓ£ô[39m [30m[45m hr-analytics-platform [49m[39m src/app/components/button/button.component.spec.ts [2m([22m[2m6 tests[22m[2m)[22m[32m 109[2mms[22m[39m
[90mstdout[2m | src/app/store/preferences/preferences.effects.spec.ts[2m > [22m[2mPreferencesEffects[2m > [22m[2mupdatePreferences$[2m > [22m[2mshould handle updatePreferences action
[22m[39m[PreferencesEffects] Preferences updated successfully

[90mstdout[2m | src/app/store/preferences/preferences.effects.spec.ts[2m > [22m[2mPreferencesEffects[2m > [22m[2mupdatePreferences$[2m > [22m[2mshould dispatch updatePreferencesSuccess after updating
[22m[39m[PreferencesEffects] Preferences updated successfully

 [32mΓ£ô[39m [30m[45m hr-analytics-platform [49m[39m src/app/components/breadcrumb/breadcrumb.component.spec.ts [2m([22m[2m5 tests[22m[2m)[22m[32m 218[2mms[22m[39m
 [32mΓ£ô[39m [30m[45m hr-analytics-platform [49m[39m src/app/store/preferences/preferences.effects.spec.ts [2m([22m[2m13 tests[22m[2m)[22m[32m 132[2mms[22m[39m
 [32mΓ£ô[39m [30m[45m hr-analytics-platform [49m[39m src/app/pages/workforce/workforce.property.spec.ts [2m([22m[2m2 tests[22m[2m)[22m[32m 102[2mms[22m[39m
 [32mΓ£ô[39m [30m[45m hr-analytics-platform [49m[39m src/app/services/theme.service.spec.ts [2m([22m[2m10 tests[22m[2m)[22m[32m 98[2mms[22m[39m
[90mstdout[2m | src/app/store/performance/performance.effects.spec.ts[2m > [22m[2mPerformanceEffects[2m > [22m[2maddPerformanceMetric$[2m > [22m[2mshould handle addPerformanceMetric action
[22m[39m[PerformanceEffects] Metric added successfully

[90mstdout[2m | src/app/store/performance/performance.effects.spec.ts[2m > [22m[2mPerformanceEffects[2m > [22m[2maddPerformanceMetric$[2m > [22m[2mshould dispatch loadPerformanceMetrics after adding metric
[22m[39m[PerformanceEffects] Metric added successfully

[90mstdout[2m | src/app/store/performance/performance.effects.spec.ts[2m > [22m[2mPerformanceEffects[2m > [22m[2mupdatePerformanceMetric$[2m > [22m[2mshould handle updatePerformanceMetric action
[22m[39m[PerformanceEffects] Metric updated successfully

[90mstdout[2m | src/app/store/performance/performance.effects.spec.ts[2m > [22m[2mPerformanceEffects[2m > [22m[2mupdatePerformanceMetric$[2m > [22m[2mshould dispatch loadPerformanceMetrics after updating metric
[22m[39m[PerformanceEffects] Metric updated successfully

[90mstdout[2m | src/app/store/performance/performance.effects.spec.ts[2m > [22m[2mPerformanceEffects[2m > [22m[2mdeletePerformanceMetric$[2m > [22m[2mshould handle deletePerformanceMetric action
[22m[39m[PerformanceEffects] Metric deleted successfully

[90mstdout[2m | src/app/store/performance/performance.effects.spec.ts[2m > [22m[2mPerformanceEffects[2m > [22m[2mdeletePerformanceMetric$[2m > [22m[2mshould dispatch loadPerformanceMetrics after deleting metric
[22m[39m[PerformanceEffects] Metric deleted successfully

 [32mΓ£ô[39m [30m[45m hr-analytics-platform [49m[39m src/app/store/performance/performance.effects.spec.ts [2m([22m[2m9 tests[22m[2m)[22m[32m 76[2mms[22m[39m
 [32mΓ£ô[39m [30m[45m hr-analytics-platform [49m[39m src/app/security.spec.ts [2m([22m[2m35 tests[22m[2m)[22m[32m 127[2mms[22m[39m
 [32mΓ£ô[39m [30m[45m hr-analytics-platform [49m[39m src/app/services/report.service.spec.ts [2m([22m[2m5 tests[22m[2m)[22m[32m 63[2mms[22m[39m
 [32mΓ£ô[39m [30m[45m hr-analytics-platform [49m[39m src/app/services/authorization.service.spec.ts [2m([22m[2m6 tests[22m[2m)[22m[32m 51[2mms[22m[39m
 [32mΓ£ô[39m [30m[45m hr-analytics-platform [49m[39m src/app/app.spec.ts [2m([22m[2m2 tests[22m[2m)[22m[33m 312[2mms[22m[39m
 [32mΓ£ô[39m [30m[45m hr-analytics-platform [49m[39m src/app/store/preferences/preferences.selectors.spec.ts [2m([22m[2m14 tests[22m[2m)[22m[32m 25[2mms[22m[39m
 [32mΓ£ô[39m [30m[45m hr-analytics-platform [49m[39m src/app/components/badge/badge.component.spec.ts [2m([22m[2m4 tests[22m[2m)[22m[32m 43[2mms[22m[39m
 [32mΓ£ô[39m [30m[45m hr-analytics-platform [49m[39m src/app/store/employees/employees.effects.spec.ts [2m([22m[2m5 tests[22m[2m)[22m[32m 37[2mms[22m[39m
[90mstderr[2m | src/app/services/audit.service.spec.ts[2m > [22m[2mAuditService[2m > [22m[2mAudit Log 
Queue[2m > [22m[2mshould queue log if send fails
[22m[39mFailed to send audit log: HttpErrorResponse {
  headers: HttpHeaders {
    headers: Map(0) {},
    normalizedNames: Map(0) {},
    lazyInit: [90mundefined[39m,
    lazyUpdate: [1mnull[22m
  },
  status: [33m0[39m,
  statusText: [32m'Unknown Error'[39m,
  url: [32m'/api/audit/log'[39m,
  ok: [33mfalse[39m,
  type: [90mundefined[39m,
  redirected: [90mundefined[39m,
  responseType: [90mundefined[39m,
  name: [32m'HttpErrorResponse'[39m,
  message: [32m'Http failure response for /api/audit/log: 0 '[39m,
  error: ErrorEvent { isTrusted: [36m[Getter][39m }
}

 [32mΓ£ô[39m [30m[45m hr-analytics-platform [49m[39m src/app/services/audit.service.spec.ts [2m([22m[2m5 tests[22m[2m)[22m[32m 129[2mms[22m[39m
Not implemented: Window's scrollTo() method
 [32mΓ£ô[39m [30m[45m hr-analytics-platform [49m[39m src/app/pages/reports/reports.logic.spec.ts [2m([22m[2m4 tests[22m[2m)[22m[32m 39[2mms[22m[39m
 [32mΓ£ô[39m [30m[45m hr-analytics-platform [49m[39m src/app/store/employees/employees.selectors.spec.ts [2m([22m[2m20 tests[22m[2m)[22m[32m 35[2mms[22m[39m
[90mstdout[2m | src/app/services/websocket.service.spec.ts[2m > [22m[2mWebSocketService[2m > [22m[2mObservable Cleanup[2m > [22m[2mshould unsubscribe from messages$ when subscription is destroyed
[22m[39m[WebSocketService] Connected to WebSocket server

[90mstdout[2m | src/app/services/websocket.service.spec.ts[2m > [22m[2mWebSocketService[2m > [22m[2mStream Propagation[2m > [22m[2mshould propagate messages to all subscribers immediately
[22m[39m[WebSocketService] Connected to WebSocket server

[90mstdout[2m | src/app/services/websocket.service.spec.ts[2m > [22m[2mWebSocketService[2m > [22m[2mConnection Management[2m > [22m[2mshould send messages when connected
[22m[39m[WebSocketService] Connected to WebSocket server

[90mstdout[2m | src/app/services/websocket.service.spec.ts[2m > [22m[2mWebSocketService[2m > [22m[2mConnection Management[2m > [22m[2mshould not send messages when disconnected
[22m[39m[WebSocketService] Connected to WebSocket server

[90mstderr[2m | src/app/services/websocket.service.spec.ts[2m > [22m[2mWebSocketService[2m > [22m[2mConnection 
Management[2m > [22m[2mshould not send messages when disconnected
[22m[39m[WebSocketService] WebSocket is not connected

 [32mΓ£ô[39m [30m[45m hr-analytics-platform [49m[39m src/app/services/websocket.service.spec.ts [2m([22m[2m4 tests[22m[2m)[22m[32m 28[2mms[22m[39m
 [32mΓ£ô[39m [30m[45m hr-analytics-platform [49m[39m src/app/guards/authorization.guard.spec.ts [2m([22m[2m3 tests[22m[2m)[22m[32m 17[2mms[22m[39m
 [32mΓ£ô[39m [30m[45m hr-analytics-platform [49m[39m src/app/store/performance/performance.selectors.spec.ts [2m([22m[2m13 tests[22m[2m)[22m[32m 20[2mms[22m[39m
 [32mΓ£ô[39m [30m[45m hr-analytics-platform [49m[39m src/app/performance.spec.ts [2m([22m[2m29 tests[22m[2m)[22m[32m 40[2mms[22m[39m
 [32mΓ£ô[39m [30m[45m hr-analytics-platform [49m[39m src/app/store/dashboard/dashboard.reducer.spec.ts [2m([22m[2m10 tests[22m[2m)[22m[32m 18[2mms[22m[39m
 [32mΓ£ô[39m [30m[45m hr-analytics-platform [49m[39m src/app/store/dashboard/dashboard.selectors.spec.ts [2m([22m[2m10 tests[22m[2m)[22m[32m 11[2mms[22m[39m
 [32mΓ£ô[39m [30m[45m hr-analytics-platform [49m[39m src/app/store/employees/employees.reducer.spec.ts [2m([22m[2m14 tests[22m[2m)[22m[32m 24[2mms[22m[39m
 [32mΓ£ô[39m [30m[45m hr-analytics-platform [49m[39m src/app/store/preferences/preferences.reducer.spec.ts [2m([22m[2m10 tests[22m[2m)[22m[32m 11[2mms[22m[39m
 [32mΓ£ô[39m [30m[45m hr-analytics-platform [49m[39m src/app/guards/auth.guard.spec.ts [2m([22m[2m2 tests[22m[2m)[22m[32m 14[2mms[22m[39m
 [32mΓ£ô[39m [30m[45m hr-analytics-platform [49m[39m src/app/components/filter-panel/filter.property.spec.ts [2m([22m[2m2 tests[22m[2m)[22m[32m 8[2mms[22m[39m
 [32mΓ£ô[39m [30m[45m hr-analytics-platform [49m[39m src/app/store/performance/performance.reducer.spec.ts [2m([22m[2m8 tests[22m[2m)[22m[32m 17[2mms[22m[39m
 [32mΓ£ô[39m [30m[45m hr-analytics-platform [49m[39m src/app/pages/turnover/turnover.logic.spec.ts [2m([22m[2m4 tests[22m[2m)[22m[32m 4[2mms[22m[39m
 [32mΓ£ô[39m [30m[45m hr-analytics-platform [49m[39m src/app/pages/hiring-forecast/hiring-forecast.logic.spec.ts [2m([22m[2m3 tests[22m[2m)[22m[32m 4[2mms[22m[39m
 [31mΓ¥»[39m [30m[45m hr-analytics-platform [49m[39m src/app/components/change-detection.spec.ts [2m([22m[2m22 tests[22m[2m | [22m[31m4 failed[39m[2m)[22m[33m 20324[2mms[22m[39m
       [32mΓ£ô[39m should render component with OnPush strategy[32m 12[2mms[22m[39m
       [32mΓ£ô[39m should update view when signal changes[32m 15[2mms[22m[39m
       [32mΓ£ô[39m should update computed signal when source signal changes[32m 17[2mms[22m[39m
       [32mΓ£ô[39m should handle multiple signal updates[32m 19[2mms[22m[39m
       [32mΓ£ô[39m should trigger change detection only when signal changes[32m 13[2mms[22m[39m
       [32mΓ£ô[39m should handle rapid signal updates efficiently[32m 12[2mms[22m[39m
       [32mΓ£ô[39m should create signal with initial value[32m 48[2mms[22m[39m
       [32mΓ£ô[39m should update signal value with set()[32m 24[2mms[22m[39m
       [32mΓ£ô[39m should update signal value with update()[32m 16[2mms[22m[39m
       [32mΓ£ô[39m should create computed signal from source signal[32m 19[2mms[22m[39m
       [32mΓ£ô[39m should cache computed signal value[32m 9[2mms[22m[39m
       [32mΓ£ô[39m should invalidate computed signal when source changes[32m 14[2mms[22m[39m
[31m       [31m├ù[31m should run effect when signal changes[39m[33m 5025[2mms[22m[39m
[31m       [31m├ù[31m should run effect only when signal value changes[39m[33m 5012[2mms[22m[39m
       [32mΓ£ô[39m should handle large number of signals efficiently[32m 2[2mms[22m[39m
       [32mΓ£ô[39m should initialize signals before component renders[32m 11[2mms[22m[39m
       [32mΓ£ô[39m should maintain signal state across change detection cycles[32m 9[2mms[22m[39m
       [32mΓ£ô[39m should handle signal updates in event handlers[32m 17[2mms[22m[39m
       [32mΓ£ô[39m should track dependencies correctly[32m 9[2mms[22m[39m
       [32mΓ£ô[39m should handle nested computed signals[32m 4[2mms[22m[39m
[31m       [31m├ù[31m should react to signal changes immediately[39m[33m 5005[2mms[22m[39m
[31m       [31m├ù[31m should handle signal updates in batch[39m[33m 5008[2mms[22m[39m

[31mΓÄ»ΓÄ»ΓÄ»ΓÄ»ΓÄ»ΓÄ»[39m[1m[41m Failed Tests 45 [49m[22m[31mΓÄ»ΓÄ»ΓÄ»ΓÄ»ΓÄ»ΓÄ»ΓÄ»[39m

[41m[1m FAIL [22m[49m [30m[45m hr-analytics-platform [49m[39m src/app/components/change-detection.spec.ts[2m 
> [22mChange Detection Strategy[2m > [22mEffect Hook[2m > [22mshould run effect when signal changes
[31m[1mError[22m: Test timed out in 5000ms.
If this is a long-running test, pass a timeout value as the last argument or configure it globally with 
"testTimeout".[39m
[36m [2mΓ¥»[22m src/app/components/change-detection.spec.ts:[2m162:5[22m[39m
    [90m160|[39m
    [90m161|[39m   [34mdescribe[39m([32m'Effect Hook'[39m[33m,[39m () [33m=>[39m {
    [90m162|[39m     [34mit[39m([32m'should run effect when signal changes'[39m[33m,[39m [35masync[39m () 
[33m=>[39m {
    [90m   |[39m     [31m^[39m
    [90m163|[39m       [35mconst[39m effectFn [33m=[39m vi[33m.[39m[34mfn[39m()[33m;[39m
    [90m164|[39m       [35mconst[39m count [33m=[39m [34msignal[39m([34m0[39m)[33m;[39m

[31m[2mΓÄ»ΓÄ»ΓÄ»ΓÄ»ΓÄ»ΓÄ»ΓÄ»ΓÄ»ΓÄ»ΓÄ»ΓÄ»ΓÄ»ΓÄ»ΓÄ»ΓÄ»ΓÄ»ΓÄ»ΓÄ»ΓÄ»ΓÄ»ΓÄ»ΓÄ»ΓÄ»[1/47]ΓÄ»[22m[39m

[41m[1m FAIL [22m[49m [30m[45m hr-analytics-platform [49m[39m src/app/components/change-detection.spec.ts[2m 
> [22mChange Detection Strategy[2m > [22mEffect Hook[2m > [22mshould run effect only when signal value changes
[31m[1mError[22m: Test timed out in 5000ms.
If this is a long-running test, pass a timeout value as the last argument or configure it globally with 
"testTimeout".[39m
[36m [2mΓ¥»[22m src/app/components/change-detection.spec.ts:[2m186:5[22m[39m
    [90m184|[39m     })[33m;[39m
    [90m185|[39m
    [90m186|[39m     it('should run effect only when signal value changes', async () =>ΓÇª
    [90m   |[39m     [31m^[39m
    [90m187|[39m       [35mconst[39m effectFn [33m=[39m vi[33m.[39m[34mfn[39m()[33m;[39m
    [90m188|[39m       [35mconst[39m count [33m=[39m [34msignal[39m([34m0[39m)[33m;[39m

[31m[2mΓÄ»ΓÄ»ΓÄ»ΓÄ»ΓÄ»ΓÄ»ΓÄ»ΓÄ»ΓÄ»ΓÄ»ΓÄ»ΓÄ»ΓÄ»ΓÄ»ΓÄ»ΓÄ»ΓÄ»ΓÄ»ΓÄ»ΓÄ»ΓÄ»ΓÄ»ΓÄ»[2/47]ΓÄ»[22m[39m

[41m[1m FAIL [22m[49m [30m[45m hr-analytics-platform [49m[39m src/app/components/change-detection.spec.ts[2m 
> [22mChange Detection Strategy[2m > [22mSignal Reactivity[2m > [22mshould react to signal changes immediately
[31m[1mError[22m: Test timed out in 5000ms.
If this is a long-running test, pass a timeout value as the last argument or configure it globally with 
"testTimeout".[39m
[36m [2mΓ¥»[22m src/app/components/change-detection.spec.ts:[2m308:5[22m[39m
    [90m306|[39m
    [90m307|[39m   [34mdescribe[39m([32m'Signal Reactivity'[39m[33m,[39m () [33m=>[39m {
    [90m308|[39m     [34mit[39m([32m'should react to signal changes immediately'[39m[33m,[39m [35masync[39m 
() [33m=>[39m {
    [90m   |[39m     [31m^[39m
    [90m309|[39m       [35mconst[39m count [33m=[39m [34msignal[39m([34m0[39m)[33m;[39m
    [90m310|[39m       [35mconst[39m values[33m:[39m number[] [33m=[39m [][33m;[39m

[31m[2mΓÄ»ΓÄ»ΓÄ»ΓÄ»ΓÄ»ΓÄ»ΓÄ»ΓÄ»ΓÄ»ΓÄ»ΓÄ»ΓÄ»ΓÄ»ΓÄ»ΓÄ»ΓÄ»ΓÄ»ΓÄ»ΓÄ»ΓÄ»ΓÄ»ΓÄ»ΓÄ»[3/47]ΓÄ»[22m[39m

[41m[1m FAIL [22m[49m [30m[45m hr-analytics-platform [49m[39m src/app/components/change-detection.spec.ts[2m 
> [22mChange Detection Strategy[2m > [22mSignal Reactivity[2m > [22mshould handle signal updates in batch
[31m[1mError[22m: Test timed out in 5000ms.
If this is a long-running test, pass a timeout value as the last argument or configure it globally with 
"testTimeout".[39m
[36m [2mΓ¥»[22m src/app/components/change-detection.spec.ts:[2m335:5[22m[39m
    [90m333|[39m     })[33m;[39m
    [90m334|[39m
    [90m335|[39m     [34mit[39m([32m'should handle signal updates in batch'[39m[33m,[39m [35masync[39m () 
[33m=>[39m {
    [90m   |[39m     [31m^[39m
    [90m336|[39m       [35mconst[39m count [33m=[39m [34msignal[39m([34m0[39m)[33m;[39m
    [90m337|[39m       [35mconst[39m updates[33m:[39m number[] [33m=[39m [][33m;[39m

[31m[2mΓÄ»ΓÄ»ΓÄ»ΓÄ»ΓÄ»ΓÄ»ΓÄ»ΓÄ»ΓÄ»ΓÄ»ΓÄ»ΓÄ»ΓÄ»ΓÄ»ΓÄ»ΓÄ»ΓÄ»ΓÄ»ΓÄ»ΓÄ»ΓÄ»ΓÄ»ΓÄ»[4/47]ΓÄ»[22m[39m

[41m[1m FAIL [22m[49m [30m[45m hr-analytics-platform [49m[39m src/app/security/csp.spec.ts[2m > [22mContent 
Security Policy[2m > [22mDevelopment vs Production CSP[2m > [22mshould allow unsafe-inline in both
[31m[1mAssertionError[22m: expected [ '\'self\'', ΓÇª(2) ] to include '\'unsafe-inline\''[39m
[36m [2mΓ¥»[22m src/app/security/csp.spec.ts:[2m121:48[22m[39m
    [90m119|[39m     [34mit[39m([32m'should allow unsafe-inline in both'[39m[33m,[39m () [33m=>[39m {
    [90m120|[39m       expect(CSP_DIRECTIVES_DEV['script-src']).toContain("'unsafe-inliΓÇª
    [90m121|[39m       expect(CSP_DIRECTIVES_PROD['style-src']).toContain("'unsafe-inliΓÇª
    [90m   |[39m                                                [31m^[39m
    [90m122|[39m     })[33m;[39m
    [90m123|[39m
[90m [2mΓ¥»[22m new ZoneAwarePromise node_modules/zone.js/fesm2015/zone.js:[2m2221:23[22m[39m

[31m[2mΓÄ»ΓÄ»ΓÄ»ΓÄ»ΓÄ»ΓÄ»ΓÄ»ΓÄ»ΓÄ»ΓÄ»ΓÄ»ΓÄ»ΓÄ»ΓÄ»ΓÄ»ΓÄ»ΓÄ»ΓÄ»ΓÄ»ΓÄ»ΓÄ»ΓÄ»ΓÄ»[5/47]ΓÄ»[22m[39m

[41m[1m FAIL [22m[49m [30m[45m hr-analytics-platform [49m[39m src/app/security/xss.spec.ts[2m > [22mXSS 
Prevention[2m > [22mScript Injection Prevention[2m > [22mshould prevent script tag injection
[31m[1mAssertionError[22m: expected 'alert("XSS")' not to contain 'alert'[39m

Expected: [32m"alert"[39m
Received: [31m"alert[7m("XSS")[27m"[39m

[36m [2mΓ¥»[22m src/app/security/xss.spec.ts:[2m33:26[22m[39m
    [90m 31|[39m       [35mconst[39m result [33m=[39m 
service[33m.[39m[34mstripHtmlTags[39m(malicious)[33m;[39m
    [90m 32|[39m       
[34mexpect[39m(result)[33m.[39mnot[33m.[39m[34mtoContain[39m([32m'<script>'[39m)[33m;[39m
    [90m 33|[39m       
[34mexpect[39m(result)[33m.[39mnot[33m.[39m[34mtoContain[39m([32m'alert'[39m)[33m;[39m
    [90m   |[39m                          [31m^[39m
    [90m 34|[39m     })[33m;[39m
    [90m 35|[39m

[31m[2mΓÄ»ΓÄ»ΓÄ»ΓÄ»ΓÄ»ΓÄ»ΓÄ»ΓÄ»ΓÄ»ΓÄ»ΓÄ»ΓÄ»ΓÄ»ΓÄ»ΓÄ»ΓÄ»ΓÄ»ΓÄ»ΓÄ»ΓÄ»ΓÄ»ΓÄ»ΓÄ»[6/47]ΓÄ»[22m[39m

[41m[1m FAIL [22m[49m [30m[45m hr-analytics-platform [49m[39m src/app/security/xss.spec.ts[2m > [22mXSS 
Prevention[2m > [22mJSON Sanitization[2m > [22mshould sanitize JSON object
[31m[1mAssertionError[22m: expected '<script>alert(1)</script>' not to contain '<script>'[39m

Expected: [32m"<script>"[39m
Received: [31m"<script>[7malert(1)</script>[27m"[39m

[36m [2mΓ¥»[22m src/app/security/xss.spec.ts:[2m182:31[22m[39m
    [90m180|[39m       [35mconst[39m result [33m=[39m service[33m.[39m[34msanitizeJson[39m(json)[33m;[39m
    [90m181|[39m       [34mexpect[39m(result)[33m.[39m[34mtoBeDefined[39m()[33m;[39m
    [90m182|[39m       
[34mexpect[39m(result[33m.[39mname)[33m.[39mnot[33m.[39m[34mtoContain[39m([32m'<script>'[39m)[33m;[39m
    [90m   |[39m                               [31m^[39m
    [90m183|[39m     })[33m;[39m
    [90m184|[39m

[31m[2mΓÄ»ΓÄ»ΓÄ»ΓÄ»ΓÄ»ΓÄ»ΓÄ»ΓÄ»ΓÄ»ΓÄ»ΓÄ»ΓÄ»ΓÄ»ΓÄ»ΓÄ»ΓÄ»ΓÄ»ΓÄ»ΓÄ»ΓÄ»ΓÄ»ΓÄ»ΓÄ»[7/47]ΓÄ»[22m[39m

[41m[1m FAIL [22m[49m [30m[45m hr-analytics-platform [49m[39m src/app/security/xss.spec.ts[2m > [22mXSS 
Prevention[2m > [22mJSON Sanitization[2m > [22mshould sanitize nested objects
[31m[1mAssertionError[22m: expected '<img src=x onerror=alert(1)>' not to contain 'onerror'[39m

Expected: [32m"onerror"[39m
Received: [31m"<img src=x onerror=alert(1)>"[39m

[36m [2mΓ¥»[22m src/app/security/xss.spec.ts:[2m195:36[22m[39m
    [90m193|[39m       [35mconst[39m result [33m=[39m service[33m.[39m[34msanitizeJson[39m(json)[33m;[39m
    [90m194|[39m       [34mexpect[39m(result)[33m.[39m[34mtoBeDefined[39m()[33m;[39m
    [90m195|[39m       [34mexpect[39m(result[33m.[39muser[33m.[39mname)[33m.[39mnot[33m.[39m[34mtoContain
[39m([32m'onerror'[39m)[33m;[39m
    [90m   |[39m                                    [31m^[39m
    [90m196|[39m     })[33m;[39m
    [90m197|[39m

[31m[2mΓÄ»ΓÄ»ΓÄ»ΓÄ»ΓÄ»ΓÄ»ΓÄ»ΓÄ»ΓÄ»ΓÄ»ΓÄ»ΓÄ»ΓÄ»ΓÄ»ΓÄ»ΓÄ»ΓÄ»ΓÄ»ΓÄ»ΓÄ»ΓÄ»ΓÄ»ΓÄ»[8/47]ΓÄ»[22m[39m

[41m[1m FAIL [22m[49m [30m[45m hr-analytics-platform [49m[39m src/app/security/xss.spec.ts[2m > [22mXSS 
Prevention[2m > [22mJSON Sanitization[2m > [22mshould sanitize arrays
[31m[1mAssertionError[22m: expected '<script>alert(1)</script>' not to contain '<script>'[39m

Expected: [32m"<script>"[39m
Received: [31m"<script>[7malert(1)</script>[27m"[39m

[36m [2mΓ¥»[22m src/app/security/xss.spec.ts:[2m202:29[22m[39m
    [90m200|[39m       [35mconst[39m result [33m=[39m service[33m.[39m[34msanitizeJson[39m(json)[33m;[39m
    [90m201|[39m       [34mexpect[39m(result)[33m.[39m[34mtoBeDefined[39m()[33m;[39m
    [90m202|[39m       
[34mexpect[39m(result[[34m0[39m])[33m.[39mnot[33m.[39m[34mtoContain[39m([32m'<script>'[39m)[33m;[39m
    [90m   |[39m                             [31m^[39m
    [90m203|[39m     })[33m;[39m
    [90m204|[39m   })[33m;[39m

[31m[2mΓÄ»ΓÄ»ΓÄ»ΓÄ»ΓÄ»ΓÄ»ΓÄ»ΓÄ»ΓÄ»ΓÄ»ΓÄ»ΓÄ»ΓÄ»ΓÄ»ΓÄ»ΓÄ»ΓÄ»ΓÄ»ΓÄ»ΓÄ»ΓÄ»ΓÄ»ΓÄ»[9/47]ΓÄ»[22m[39m

[41m[1m FAIL [22m[49m [30m[45m hr-analytics-platform [49m[39m src/app/security/xss.spec.ts[2m > [22mXSS 
Prevention[2m > [22mDangerous Content Detection[2m > [22mshould detect multiple XSS vectors
[31m[1mAssertionError[22m: expected false to be true // Object.is equality[39m

[32m- Expected[39m
[31m+ Received[39m

[32m- true[39m
[31m+ false[39m

[36m [2mΓ¥»[22m src/app/security/xss.spec.ts:[2m292:58[22m[39m
    [90m290|[39m
    [90m291|[39m       vectors[33m.[39m[34mforEach[39m(vector [33m=>[39m {
    [90m292|[39m         [34mexpect[39m(service[33m.[39m[34mcontainsDangerousContent[39m(vector))[33m.[39m[3
4mtoBe[39m([35mtrue[39m)[33m;[39m
    [90m   |[39m                                                          [31m^[39m
    [90m293|[39m       })[33m;[39m
    [90m294|[39m     })[33m;[39m
[90m [2mΓ¥»[22m src/app/security/xss.spec.ts:[2m291:15[22m[39m

[31m[2mΓÄ»ΓÄ»ΓÄ»ΓÄ»ΓÄ»ΓÄ»ΓÄ»ΓÄ»ΓÄ»ΓÄ»ΓÄ»ΓÄ»ΓÄ»ΓÄ»ΓÄ»ΓÄ»ΓÄ»ΓÄ»ΓÄ»ΓÄ»ΓÄ»ΓÄ»[10/47]ΓÄ»[22m[39m

[41m[1m FAIL [22m[49m [30m[45m hr-analytics-platform [49m[39m src/app/services/auth.service.spec.ts[2m > 
[22mAuthService[2m > [22mLogout[2m > [22mshould clear tokens on logout
[31m[1mTypeError[22m: localStorage.removeItem is not a function[39m
[90m [2mΓ¥»[22m _AuthService.clearTokens src/app/services/auth.service.ts:[2m190:18[22m[39m
[90m [2mΓ¥»[22m _AuthService.logout src/app/services/auth.service.ts:[2m88:10[22m[39m
[36m [2mΓ¥»[22m src/app/services/auth.service.spec.ts:[2m131:15[22m[39m
    [90m129|[39m       localStorage.setItem('hr_analytics_refresh_token', 'test-refreshΓÇª
    [90m130|[39m
    [90m131|[39m       service[33m.[39m[34mlogout[39m()[33m;[39m
    [90m   |[39m               [31m^[39m
    [90m132|[39m
    [90m133|[39m       [34mexpect[39m(localStorage[33m.[39m[34mgetItem[39m([32m'hr_analytics_token'[39m))[33
m.[39m[34mtoBeNull[39m()[33m;[39m

[31m[2mΓÄ»ΓÄ»ΓÄ»ΓÄ»ΓÄ»ΓÄ»ΓÄ»ΓÄ»ΓÄ»ΓÄ»ΓÄ»ΓÄ»ΓÄ»ΓÄ»ΓÄ»ΓÄ»ΓÄ»ΓÄ»ΓÄ»ΓÄ»ΓÄ»ΓÄ»[11/47]ΓÄ»[22m[39m

[41m[1m FAIL [22m[49m [30m[45m hr-analytics-platform [49m[39m src/app/services/auth.service.spec.ts[2m > 
[22mAuthService[2m > [22mLogout[2m > [22mshould clear current user on logout
[31m[1mTypeError[22m: localStorage.removeItem is not a function[39m
[90m [2mΓ¥»[22m _AuthService.clearTokens src/app/services/auth.service.ts:[2m190:18[22m[39m
[90m [2mΓ¥»[22m _AuthService.logout src/app/services/auth.service.ts:[2m88:10[22m[39m
[36m [2mΓ¥»[22m src/app/services/auth.service.spec.ts:[2m150:15[22m[39m
    [90m148|[39m       
[34mexpect[39m(service[33m.[39m[34mgetCurrentUser[39m())[33m.[39m[34mtoBeDefined[39m()[33m;[39m
    [90m149|[39m
    [90m150|[39m       service[33m.[39m[34mlogout[39m()[33m;[39m
    [90m   |[39m               [31m^[39m
    [90m151|[39m
    [90m152|[39m       
[34mexpect[39m(service[33m.[39m[34mgetCurrentUser[39m())[33m.[39m[34mtoBeNull[39m()[33m;[39m

[31m[2mΓÄ»ΓÄ»ΓÄ»ΓÄ»ΓÄ»ΓÄ»ΓÄ»ΓÄ»ΓÄ»ΓÄ»ΓÄ»ΓÄ»ΓÄ»ΓÄ»ΓÄ»ΓÄ»ΓÄ»ΓÄ»ΓÄ»ΓÄ»ΓÄ»ΓÄ»[12/47]ΓÄ»[22m[39m

[41m[1m FAIL [22m[49m [30m[45m hr-analytics-platform [49m[39m src/app/services/auth.service.spec.ts[2m > 
[22mAuthService[2m > [22mLogout[2m > [22mshould navigate to login on logout
[31m[1mTypeError[22m: localStorage.removeItem is not a function[39m
[90m [2mΓ¥»[22m _AuthService.clearTokens src/app/services/auth.service.ts:[2m190:18[22m[39m
[90m [2mΓ¥»[22m _AuthService.logout src/app/services/auth.service.ts:[2m88:10[22m[39m
[36m [2mΓ¥»[22m src/app/services/auth.service.spec.ts:[2m158:15[22m[39m
    [90m156|[39m       [35mconst[39m navigateSpy [33m=[39m vi[33m.[39m[34mspyOn[39m(router[33m,[39m 
[32m'navigate'[39m)[33m;[39m
    [90m157|[39m
    [90m158|[39m       service[33m.[39m[34mlogout[39m()[33m;[39m
    [90m   |[39m               [31m^[39m
    [90m159|[39m
    [90m160|[39m       
[34mexpect[39m(navigateSpy)[33m.[39m[34mtoHaveBeenCalledWith[39m([[32m'/login'[39m])[33m;[39m

[31m[2mΓÄ»ΓÄ»ΓÄ»ΓÄ»ΓÄ»ΓÄ»ΓÄ»ΓÄ»ΓÄ»ΓÄ»ΓÄ»ΓÄ»ΓÄ»ΓÄ»ΓÄ»ΓÄ»ΓÄ»ΓÄ»ΓÄ»ΓÄ»ΓÄ»ΓÄ»[13/47]ΓÄ»[22m[39m

[41m[1m FAIL [22m[49m [30m[45m hr-analytics-platform [49m[39m src/app/services/auth.service.spec.ts[2m > 
[22mAuthService[2m > [22mSession Timeout[2m > [22mshould logout on session timeout
[31m[1mTypeError[22m: localStorage.removeItem is not a function[39m
[90m [2mΓ¥»[22m _AuthService.clearTokens src/app/services/auth.service.ts:[2m190:18[22m[39m
[90m [2mΓ¥»[22m _AuthService.logout src/app/services/auth.service.ts:[2m88:10[22m[39m
[90m [2mΓ¥»[22m src/app/services/auth.service.ts:[2m239:12[22m[39m
[36m [2mΓ¥»[22m src/app/services/auth.service.spec.ts:[2m262:10[22m[39m
    [90m260|[39m
    [90m261|[39m       [90m// Fast-forward 30 minutes[39m
    [90m262|[39m       vi[33m.[39m[34madvanceTimersByTime[39m([34m30[39m [33m*[39m [34m60[39m [33m*[39m 
[34m1000[39m)[33m;[39m
    [90m   |[39m          [31m^[39m
    [90m263|[39m
    [90m264|[39m       [90m// Session should be cleared[39m

[31m[2mΓÄ»ΓÄ»ΓÄ»ΓÄ»ΓÄ»ΓÄ»ΓÄ»ΓÄ»ΓÄ»ΓÄ»ΓÄ»ΓÄ»ΓÄ»ΓÄ»ΓÄ»ΓÄ»ΓÄ»ΓÄ»ΓÄ»ΓÄ»ΓÄ»ΓÄ»[14/47]ΓÄ»[22m[39m

[41m[1m FAIL [22m[49m [30m[45m hr-analytics-platform [49m[39m src/app/services/i18n.service.spec.ts[2m > 
[22mI18nService[2m > [22mshould be created
[41m[1m FAIL [22m[49m [30m[45m hr-analytics-platform [49m[39m src/app/services/i18n.service.spec.ts[2m > 
[22mI18nService[2m > [22mshould default to English
[41m[1m FAIL [22m[49m [30m[45m hr-analytics-platform [49m[39m src/app/services/i18n.service.spec.ts[2m > 
[22mI18nService[2m > [22mshould not be in RTL mode for English
[41m[1m FAIL [22m[49m [30m[45m hr-analytics-platform [49m[39m src/app/services/i18n.service.spec.ts[2m > 
[22mI18nService[2m > [22mshould switch language to Arabic and enable RTL
[41m[1m FAIL [22m[49m [30m[45m hr-analytics-platform [49m[39m src/app/services/i18n.service.spec.ts[2m > 
[22mI18nService[2m > [22mshould apply RTL direction to DOM on Arabic
[41m[1m FAIL [22m[49m [30m[45m hr-analytics-platform [49m[39m src/app/services/i18n.service.spec.ts[2m > 
[22mI18nService[2m > [22mshould apply LTR direction to DOM on English
[41m[1m FAIL [22m[49m [30m[45m hr-analytics-platform [49m[39m src/app/services/i18n.service.spec.ts[2m > 
[22mI18nService[2m > [22mshould persist language preference to localStorage
[41m[1m FAIL [22m[49m [30m[45m hr-analytics-platform [49m[39m src/app/services/i18n.service.spec.ts[2m > 
[22mI18nService[2m > [22mshould translate a nested key correctly after loading
[41m[1m FAIL [22m[49m [30m[45m hr-analytics-platform [49m[39m src/app/services/i18n.service.spec.ts[2m > 
[22mI18nService[2m > [22mshould return the key itself when translation is not found
[41m[1m FAIL [22m[49m [30m[45m hr-analytics-platform [49m[39m src/app/services/i18n.service.spec.ts[2m > 
[22mI18nService[2m > [22mshould correctly report isEnglish() and isArabic()
[41m[1m FAIL [22m[49m [30m[45m hr-analytics-platform [49m[39m src/app/services/i18n.service.spec.ts[2m > 
[22mI18nService[2m > [22mshould restore language from localStorage on init
[31m[1mError[22m: Expected one matching request for criteria "Match URL: assets/i18n/en.json", found none.[39m
[90m [2mΓ¥»[22m HttpClientTestingBackend.expectOne ../../../New%20folder/HR-Dashboard/hr-analytics-platform/node_mod
ules/@angular/common/fesm2022/http-testing.mjs:[2m196:13[22m[39m
[36m [2mΓ¥»[22m src/app/services/i18n.service.spec.ts:[2m34:26[22m[39m
    [90m 32|[39m
    [90m 33|[39m     [90m// Answer the initial translation load (English by default)[39m
    [90m 34|[39m     [35mconst[39m req [33m=[39m 
httpMock[33m.[39m[34mexpectOne[39m([32m'assets/i18n/en.json'[39m)[33m;[39m
    [90m   |[39m                          [31m^[39m
    [90m 35|[39m     req[33m.[39m[34mflush[39m(enTranslations)[33m;[39m
    [90m 36|[39m   })[33m;[39m
[90m [2mΓ¥»[22m new ZoneAwarePromise node_modules/zone.js/fesm2015/zone.js:[2m2221:23[22m[39m

[31m[2mΓÄ»ΓÄ»ΓÄ»ΓÄ»ΓÄ»ΓÄ»ΓÄ»ΓÄ»ΓÄ»ΓÄ»ΓÄ»ΓÄ»ΓÄ»ΓÄ»ΓÄ»ΓÄ»ΓÄ»ΓÄ»ΓÄ»ΓÄ»ΓÄ»ΓÄ»[15/47]ΓÄ»[22m[39m

[41m[1m FAIL [22m[49m [30m[45m hr-analytics-platform [49m[39m 
src/app/components/card/card.component.spec.ts[2m > [22mCardComponent[2m > [22mshould create and render content 
slots correctly
[31m[1mAssertionError[22m: expected false to be true // Object.is equality[39m

[32m- Expected[39m
[31m+ Received[39m

[32m- true[39m
[31m+ false[39m

[36m [2mΓ¥»[22m src/app/components/card/card.component.spec.ts:[2m51:36[22m[39m
    [90m 49|[39m     const cardDe = fixture.debugElement.query(By.directive(CardComponeΓÇª
    [90m 50|[39m     [35mconst[39m cardInstance [33m=[39m cardDe[33m.[39mcomponentInstance[33m;[39m
    [90m 51|[39m     
[34mexpect[39m(cardInstance[33m.[39mhasHeader)[33m.[39m[34mtoBe[39m([35mtrue[39m)[33m;[39m
    [90m   |[39m                                    [31m^[39m
    [90m 52|[39m     
[34mexpect[39m(cardInstance[33m.[39mhasFooter)[33m.[39m[34mtoBe[39m([35mtrue[39m)[33m;[39m
    [90m 53|[39m
[90m [2mΓ¥»[22m new ZoneAwarePromise node_modules/zone.js/fesm2015/zone.js:[2m2221:23[22m[39m
[90m [2mΓ¥»[22m new ZoneAwarePromise node_modules/zone.js/fesm2015/zone.js:[2m2221:23[22m[39m

[31m[2mΓÄ»ΓÄ»ΓÄ»ΓÄ»ΓÄ»ΓÄ»ΓÄ»ΓÄ»ΓÄ»ΓÄ»ΓÄ»ΓÄ»ΓÄ»ΓÄ»ΓÄ»ΓÄ»ΓÄ»ΓÄ»ΓÄ»ΓÄ»ΓÄ»ΓÄ»[16/47]ΓÄ»[22m[39m

[41m[1m FAIL [22m[49m [30m[45m hr-analytics-platform [49m[39m 
src/app/components/chart/chart.component.spec.ts[2m > [22mChartComponent[2m > [22mshould initialize echarts on init
[31m[1mTypeError[22m: Cannot spy on export "init". Module namespace is not configurable in ESM. See: 
https://vitest.dev/guide/browser/#limitations[39m
[36m [2mΓ¥»[22m src/app/components/chart/chart.component.spec.ts:[2m36:24[22m[39m
    [90m 34|[39m   [34mit[39m([32m'should initialize echarts on init'[39m[33m,[39m () [33m=>[39m {
    [90m 35|[39m     [90m// Re-initialize to test spy[39m
    [90m 36|[39m     [35mconst[39m initSpy [33m=[39m vi[33m.[39m[34mspyOn[39m(echarts[33m,[39m 
[32m'init'[39m)[33m;[39m
    [90m   |[39m                        [31m^[39m
    [90m 37|[39m     component[33m.[39m[34mngOnInit[39m()[33m;[39m
    [90m 38|[39m     [34mexpect[39m(initSpy)[33m.[39m[34mtoHaveBeenCalled[39m()[33m;[39m

[31m[1mCaused by: TypeError[22m: Cannot redefine property: init[39m
[36m [2mΓ¥»[22m src/app/components/chart/chart.component.spec.ts:[2m36:24[22m[39m

[31m[2mΓÄ»ΓÄ»ΓÄ»ΓÄ»ΓÄ»ΓÄ»ΓÄ»ΓÄ»ΓÄ»ΓÄ»ΓÄ»ΓÄ»ΓÄ»ΓÄ»ΓÄ»ΓÄ»ΓÄ»ΓÄ»ΓÄ»ΓÄ»ΓÄ»ΓÄ»[17/47]ΓÄ»[22m[39m

[41m[1m FAIL [22m[49m [30m[45m hr-analytics-platform [49m[39m 
src/app/components/chart/chart.component.spec.ts[2m > [22mChartComponent[2m > [22mshould emit chartClick event 
when chart is clicked
[41m[1m FAIL [22m[49m [30m[45m hr-analytics-platform [49m[39m 
src/app/components/chart/chart.component.spec.ts[2m > [22mChartComponent[2m > [22mshould cleanup on destroy
[31m[1mTypeError[22m: Cannot set properties of null (setting 'dpr')[39m
[90m [2mΓ¥»[22m Layer.initContext 
../../../New%20folder/HR-Dashboard/hr-analytics-platform/node_modules/zrender/lib/canvas/Layer.js:[2m80:22[22m[39m
[90m [2mΓ¥»[22m CanvasPainter.getLayer ../../../New%20folder/HR-Dashboard/hr-analytics-platform/node_modules/zrender
/lib/canvas/Painter.js:[2m343:19[22m[39m
[90m [2mΓ¥»[22m CanvasPainter._updateLayerStatus ../../../New%20folder/HR-Dashboard/hr-analytics-platform/node_modul
es/zrender/lib/canvas/Painter.js:[2m467:30[22m[39m
[90m [2mΓ¥»[22m CanvasPainter._paintList ../../../New%20folder/HR-Dashboard/hr-analytics-platform/node_modules/zrend
er/lib/canvas/Painter.js:[2m173:14[22m[39m
[90m [2mΓ¥»[22m CanvasPainter.refresh ../../../New%20folder/HR-Dashboard/hr-analytics-platform/node_modules/zrender/
lib/canvas/Painter.js:[2m115:14[22m[39m
[90m [2mΓ¥»[22m ZRender.refreshImmediately 
../../../New%20folder/HR-Dashboard/hr-analytics-platform/node_modules/zrender/lib/zrender.js:[2m146:22[22m[39m
[90m [2mΓ¥»[22m ZRender._flush 
../../../New%20folder/HR-Dashboard/hr-analytics-platform/node_modules/zrender/lib/zrender.js:[2m167:18[22m[39m
[90m [2mΓ¥»[22m ZRender.flush 
../../../New%20folder/HR-Dashboard/hr-analytics-platform/node_modules/zrender/lib/zrender.js:[2m160:14[22m[39m
[90m [2mΓ¥»[22m ECharts.setOption 
../../../New%20folder/HR-Dashboard/hr-analytics-platform/node_modules/echarts/lib/core/echarts.js:[2m421:18[22m[39m
[90m [2mΓ¥»[22m _ChartComponent.updateChart src/app/components/chart/chart.component.ts:[2m127:16[22m[39m

[31m[2mΓÄ»ΓÄ»ΓÄ»ΓÄ»ΓÄ»ΓÄ»ΓÄ»ΓÄ»ΓÄ»ΓÄ»ΓÄ»ΓÄ»ΓÄ»ΓÄ»ΓÄ»ΓÄ»ΓÄ»ΓÄ»ΓÄ»ΓÄ»ΓÄ»ΓÄ»[18/47]ΓÄ»[22m[39m

[41m[1m FAIL [22m[49m [30m[45m hr-analytics-platform [49m[39m 
src/app/components/chart/chart.component.spec.ts[2m > [22mChartComponent[2m > [22mshould emit chartClick event 
when chart is clicked
[41m[1m FAIL [22m[49m [30m[45m hr-analytics-platform [49m[39m 
src/app/components/chart/chart.component.spec.ts[2m > [22mChartComponent[2m > [22mshould cleanup on destroy
[31m[1mError[22m: 1 component threw errors during cleanup[39m
[90m [2mΓ¥»[22m TestBedImpl.destroyActiveFixtures ../../../New%20folder/HR-Dashboard/hr-analytics-platform/node_modu
les/@angular/core/fesm2022/testing.mjs:[2m1522:13[22m[39m
[90m [2mΓ¥»[22m TestBedImpl.resetTestingModule ../../../New%20folder/HR-Dashboard/hr-analytics-platform/node_modules
/@angular/core/fesm2022/testing.mjs:[2m1362:12[22m[39m
[90m [2mΓ¥»[22m ../../../New%20folder/HR-Dashboard/hr-analytics-platform/node_modules/@angular/core/fesm2022/testing
.mjs:[2m2469:15[22m[39m

[31m[2mΓÄ»ΓÄ»ΓÄ»ΓÄ»ΓÄ»ΓÄ»ΓÄ»ΓÄ»ΓÄ»ΓÄ»ΓÄ»ΓÄ»ΓÄ»ΓÄ»ΓÄ»ΓÄ»ΓÄ»ΓÄ»ΓÄ»ΓÄ»ΓÄ»ΓÄ»[19/47]ΓÄ»[22m[39m

[41m[1m FAIL [22m[49m [30m[45m hr-analytics-platform [49m[39m 
src/app/components/data-table/data-table.component.spec.ts[2m > [22mDataTableComponent[2m > [22mshould pass 
accessibility checks
[31m[1mError[22m: Test timed out in 5000ms.
If this is a long-running test, pass a timeout value as the last argument or configure it globally with 
"testTimeout".[39m
[36m [2mΓ¥»[22m src/app/components/data-table/data-table.component.spec.ts:[2m80:3[22m[39m
    [90m 78|[39m   })[33m;[39m
    [90m 79|[39m
    [90m 80|[39m   [34mit[39m([32m'should pass accessibility checks'[39m[33m,[39m [35masync[39m () 
[33m=>[39m {
    [90m   |[39m   [31m^[39m
    [90m 81|[39m     [35mconst[39m { checkA11y } [33m=[39m [35mawait[39m 
[35mimport[39m([32m'../../testing/a11y-utils'[39m)[33m;[39m
    [90m 82|[39m     [35mawait[39m [34mcheckA11y[39m(fixture)[33m;[39m

[31m[2mΓÄ»ΓÄ»ΓÄ»ΓÄ»ΓÄ»ΓÄ»ΓÄ»ΓÄ»ΓÄ»ΓÄ»ΓÄ»ΓÄ»ΓÄ»ΓÄ»ΓÄ»ΓÄ»ΓÄ»ΓÄ»ΓÄ»ΓÄ»ΓÄ»ΓÄ»[20/47]ΓÄ»[22m[39m

[41m[1m FAIL [22m[49m [30m[45m hr-analytics-platform [49m[39m 
src/app/components/input/input.component.spec.ts[2m > [22mInputComponent[2m > [22mshould pass accessibility checks
[31m[1mError[22m: NG0100: ExpressionChangedAfterItHasBeenCheckedError: Expression has changed after it was checked. 
Previous value: 'null'. Current value: 'Username'. Expression location: _InputComponent component. Find more at 
https://v21.angular.dev/errors/NG0100[39m
[90m [2mΓ¥»[22m throwErrorIfNoChangesMode ../../../New%20folder/HR-Dashboard/hr-analytics-platform/node_modules/@ang
ular/core/fesm2022/_debug_node-chunk.mjs:[2m3534:9[22m[39m
[90m [2mΓ¥»[22m bindingUpdated ../../../New%20folder/HR-Dashboard/hr-analytics-platform/node_modules/@angular/core/f
esm2022/_debug_node-chunk.mjs:[2m8165:9[22m[39m
[90m [2mΓ¥»[22m Module.╔╡╔╡property ../../../New%20folder/HR-Dashboard/hr-analytics-platform/node_modules/@angular/c
ore/fesm2022/_debug_node-chunk.mjs:[2m14121:7[22m[39m
[90m [2mΓ¥»[22m InputComponent_Template src/app/components/input/input.component.ts:[2m20:10[22m[39m
[90m [2mΓ¥»[22m executeTemplate ../../../New%20folder/HR-Dashboard/hr-analytics-platform/node_modules/@angular/core/
fesm2022/_debug_node-chunk.mjs:[2m5081:5[22m[39m
[90m [2mΓ¥»[22m refreshView ../../../New%20folder/HR-Dashboard/hr-analytics-platform/node_modules/@angular/core/fesm
2022/_debug_node-chunk.mjs:[2m5751:7[22m[39m
[90m [2mΓ¥»[22m detectChangesInView ../../../New%20folder/HR-Dashboard/hr-analytics-platform/node_modules/@angular/c
ore/fesm2022/_debug_node-chunk.mjs:[2m5891:5[22m[39m
[90m [2mΓ¥»[22m detectChangesInViewIfAttached ../../../New%20folder/HR-Dashboard/hr-analytics-platform/node_modules/
@angular/core/fesm2022/_debug_node-chunk.mjs:[2m5874:3[22m[39m
[90m [2mΓ¥»[22m detectChangesInComponent ../../../New%20folder/HR-Dashboard/hr-analytics-platform/node_modules/@angu
lar/core/fesm2022/_debug_node-chunk.mjs:[2m5865:5[22m[39m
[90m [2mΓ¥»[22m detectChangesInChildComponents ../../../New%20folder/HR-Dashboard/hr-analytics-platform/node_modules
/@angular/core/fesm2022/_debug_node-chunk.mjs:[2m5913:5[22m[39m

[31m[2mΓÄ»ΓÄ»ΓÄ»ΓÄ»ΓÄ»ΓÄ»ΓÄ»ΓÄ»ΓÄ»ΓÄ»ΓÄ»ΓÄ»ΓÄ»ΓÄ»ΓÄ»ΓÄ»ΓÄ»ΓÄ»ΓÄ»ΓÄ»ΓÄ»ΓÄ»[21/47]ΓÄ»[22m[39m

[41m[1m FAIL [22m[49m [30m[45m hr-analytics-platform [49m[39m 
src/app/pages/employees/employees.component.spec.ts[2m > [22mEmployeesComponent[2m > [22mshould create
[41m[1m FAIL [22m[49m [30m[45m hr-analytics-platform [49m[39m 
src/app/pages/employees/employees.component.spec.ts[2m > [22mEmployeesComponent[2m > [22mshould display employee 
count
[41m[1m FAIL [22m[49m [30m[45m hr-analytics-platform [49m[39m 
src/app/pages/employees/employees.component.spec.ts[2m > [22mEmployeesComponent[2m > [22mshould calculate active 
employees count correctly
[41m[1m FAIL [22m[49m [30m[45m hr-analytics-platform [49m[39m 
src/app/pages/employees/employees.component.spec.ts[2m > [22mEmployeesComponent[2m > [22mshould calculate on leave 
count correctly
[41m[1m FAIL [22m[49m [30m[45m hr-analytics-platform [49m[39m 
src/app/pages/employees/employees.component.spec.ts[2m > [22mEmployeesComponent[2m > [22mshould calculate average 
performance score
[41m[1m FAIL [22m[49m [30m[45m hr-analytics-platform [49m[39m 
src/app/pages/employees/employees.component.spec.ts[2m > [22mEmployeesComponent[2m > [22mshould count unique 
departments
[41m[1m FAIL [22m[49m [30m[45m hr-analytics-platform [49m[39m 
src/app/pages/employees/employees.component.spec.ts[2m > [22mEmployeesComponent[2m > [22mshould filter employees 
by department
[41m[1m FAIL [22m[49m [30m[45m hr-analytics-platform [49m[39m 
src/app/pages/employees/employees.component.spec.ts[2m > [22mEmployeesComponent[2m > [22mshould filter employees 
by status
[41m[1m FAIL [22m[49m [30m[45m hr-analytics-platform [49m[39m 
src/app/pages/employees/employees.component.spec.ts[2m > [22mEmployeesComponent[2m > [22mshould filter employees 
by performance score range
[41m[1m FAIL [22m[49m [30m[45m hr-analytics-platform [49m[39m 
src/app/pages/employees/employees.component.spec.ts[2m > [22mEmployeesComponent[2m > [22mshould handle search 
results
[41m[1m FAIL [22m[49m [30m[45m hr-analytics-platform [49m[39m 
src/app/pages/employees/employees.component.spec.ts[2m > [22mEmployeesComponent[2m > [22mshould apply multiple 
filters simultaneously
[41m[1m FAIL [22m[49m [30m[45m hr-analytics-platform [49m[39m 
src/app/pages/employees/employees.component.spec.ts[2m > [22mEmployeesComponent[2m > [22mshould pass accessibility 
checks
[31m[1mError[22m: NG0300: Multiple components match node with tagname app-search-input: _SearchInputComponent and 
_MockSearchInputComponent. Find more at https://v21.angular.dev/errors/NG0300[39m
[90m [2mΓ¥»[22m throwMultipleComponentError ../../../New%20folder/HR-Dashboard/hr-analytics-platform/node_modules/@a
ngular/core/fesm2022/_debug_node-chunk.mjs:[2m3524:9[22m[39m
[90m [2mΓ¥»[22m findDirectiveDefMatches ../../../New%20folder/HR-Dashboard/hr-analytics-platform/node_modules/@angul
ar/core/fesm2022/_debug_node-chunk.mjs:[2m5280:15[22m[39m
[90m [2mΓ¥»[22m resolveDirectives ../../../New%20folder/HR-Dashboard/hr-analytics-platform/node_modules/@angular/cor
e/fesm2022/_debug_node-chunk.mjs:[2m7788:32[22m[39m
[90m [2mΓ¥»[22m directiveHostFirstCreatePass ../../../New%20folder/HR-Dashboard/hr-analytics-platform/node_modules/@
angular/core/fesm2022/_debug_node-chunk.mjs:[2m8050:5[22m[39m
[90m [2mΓ¥»[22m ╔╡╔╡elementStart ../../../New%20folder/HR-Dashboard/hr-analytics-platform/node_modules/@angular/core
/fesm2022/_debug_node-chunk.mjs:[2m14138:41[22m[39m
[90m [2mΓ¥»[22m _EmployeesComponent_Template ng:/_EmployeesComponent.js:[2m26:51[22m[39m
[90m [2mΓ¥»[22m executeTemplate ../../../New%20folder/HR-Dashboard/hr-analytics-platform/node_modules/@angular/core/
fesm2022/_debug_node-chunk.mjs:[2m5081:5[22m[39m
[90m [2mΓ¥»[22m renderView ../../../New%20folder/HR-Dashboard/hr-analytics-platform/node_modules/@angular/core/fesm2
022/_debug_node-chunk.mjs:[2m5480:7[22m[39m
[90m [2mΓ¥»[22m renderComponent ../../../New%20folder/HR-Dashboard/hr-analytics-platform/node_modules/@angular/core/
fesm2022/_debug_node-chunk.mjs:[2m5459:5[22m[39m

[90m [2mΓ¥»[22m renderChildComponents ../../../New%20folder/HR-Dashboard/hr-analytics-platform/node_modules/@angular
/core/fesm2022/_debug_node-chunk.mjs:[2m5509:5[22m[39m

[31m[2mΓÄ»ΓÄ»ΓÄ»ΓÄ»ΓÄ»ΓÄ»ΓÄ»ΓÄ»ΓÄ»ΓÄ»ΓÄ»ΓÄ»ΓÄ»ΓÄ»ΓÄ»ΓÄ»ΓÄ»ΓÄ»ΓÄ»ΓÄ»ΓÄ»ΓÄ»[22/47]ΓÄ»[22m[39m

[41m[1m FAIL [22m[49m [30m[45m hr-analytics-platform [49m[39m 
src/app/store/dashboard/dashboard.effects.spec.ts[2m > [22mDashboardEffects[2m > [22mloadDashboardMetrics$[2m > 
[22mshould return loadDashboardMetricsSuccess action on success
[31m[1mError[22m: Test timed out in 5000ms.
If this is a long-running test, pass a timeout value as the last argument or configure it globally with 
"testTimeout".[39m
[36m [2mΓ¥»[22m src/app/store/dashboard/dashboard.effects.spec.ts:[2m52:5[22m[39m
    [90m 50|[39m
    [90m 51|[39m   [34mdescribe[39m([32m'loadDashboardMetrics$'[39m[33m,[39m () [33m=>[39m {
    [90m 52|[39m     it('should return loadDashboardMetricsSuccess action on success', ΓÇª
    [90m   |[39m     [31m^[39m
    [90m 53|[39m       const resultPromise = firstValueFrom(effects.loadDashboardMetricΓÇª
    [90m 54|[39m       
actions$[33m.[39m[34mnext[39m([33mDashboardActions[39m[33m.[39m[34mloadDashboardMetrics[39m())[33m;[39m

[31m[2mΓÄ»ΓÄ»ΓÄ»ΓÄ»ΓÄ»ΓÄ»ΓÄ»ΓÄ»ΓÄ»ΓÄ»ΓÄ»ΓÄ»ΓÄ»ΓÄ»ΓÄ»ΓÄ»ΓÄ»ΓÄ»ΓÄ»ΓÄ»ΓÄ»ΓÄ»[23/47]ΓÄ»[22m[39m
[2m Test Files [22m [1m[31m11 failed[39m[22m[2m | [22m[1m[32m39 passed[39m[22m[90m (50)[39m
[2m      Tests [22m [1m[31m45 failed[39m[22m[2m | [22m[1m[32m470 passed[39m[22m[90m (515)[39m
[2m   Start at [22m 09:23:47
[2m   Duration [22m 63.54s[2m (transform 9.04s, setup 10.84s, import 42.44s, tests 77.70s, environment 350.74s)[22m


[41m[1m FAIL [22m[49m [30m[45m hr-analytics-platform [49m[39m 
src/app/store/dashboard/dashboard.effects.spec.ts[2m > [22mDashboardEffects[2m > [22mloadDashboardMetrics$[2m > 
[22mshould handle loadDashboardMetrics action and dispatch success
[31m[1mError[22m: Test timed out in 5000ms.
If this is a long-running test, pass a timeout value as the last argument or configure it globally with 
"testTimeout".[39m
[36m [2mΓ¥»[22m src/app/store/dashboard/dashboard.effects.spec.ts:[2m59:5[22m[39m
    [90m 57|[39m     })[33m;[39m
    [90m 58|[39m
    [90m 59|[39m     it('should handle loadDashboardMetrics action and dispatch successΓÇª
    [90m   |[39m     [31m^[39m
    [90m 60|[39m       const resultPromise = firstValueFrom(effects.loadDashboardMetricΓÇª
    [90m 61|[39m       
actions$[33m.[39m[34mnext[39m([33mDashboardActions[39m[33m.[39m[34mloadDashboardMetrics[39m())[33m;[39m

[31m[2mΓÄ»ΓÄ»ΓÄ»ΓÄ»ΓÄ»ΓÄ»ΓÄ»ΓÄ»ΓÄ»ΓÄ»ΓÄ»ΓÄ»ΓÄ»ΓÄ»ΓÄ»ΓÄ»ΓÄ»ΓÄ»ΓÄ»ΓÄ»ΓÄ»ΓÄ»[24/47]ΓÄ»[22m[39m

